Archive member included to satisfy reference by file (symbol)

arch/arm/lib/lib.a(lib1funcs.o)
                              arch/arm/mach-imx/built-in.o (__aeabi_uidiv)
arch/arm/lib/lib.a(uldivmod.o)
                              common/built-in.o (__aeabi_uldivmod)
arch/arm/lib/lib.a(div0.o)    arch/arm/lib/lib.a(lib1funcs.o) (__div0)

Discarded input sections

 .data          0x0000000000000000        0x0 arch/arm/cpu/armv7/start.o
 .bss           0x0000000000000000        0x0 arch/arm/cpu/armv7/start.o
 .text.v7_arch_cp15_set_l2aux_ctrl
                0x0000000000000000        0x8 arch/arm/cpu/armv7/built-in.o
 .text.v7_arch_cp15_set_acr
                0x0000000000000000        0x8 arch/arm/cpu/armv7/built-in.o
 .text.sdelay   0x0000000000000000        0xc arch/arm/cpu/armv7/built-in.o
 .text.wait_on_value
                0x0000000000000000       0x38 arch/arm/cpu/armv7/built-in.o
 .text.s_init   0x0000000000000000        0x4 arch/arm/cpu/armv7/built-in.o
 .text.smp_kick_all_cpus
                0x0000000000000000       0x20 arch/arm/cpu/armv7/built-in.o
 .data          0x0000000000000000        0x0 arch/arm/cpu/armv7/built-in.o
 .bss           0x0000000000000000        0x0 arch/arm/cpu/armv7/built-in.o
 .text.reset_misc
                0x0000000000000000        0x4 arch/arm/lib/built-in.o
 .text.enable_caches
                0x0000000000000000        0xc arch/arm/lib/built-in.o
 .text.invalidate_dcache_range
                0x0000000000000000        0x4 arch/arm/lib/built-in.o
 .text.flush_dcache_range
                0x0000000000000000        0x4 arch/arm/lib/built-in.o
 .text.flush_dcache_all
                0x0000000000000000        0xc arch/arm/lib/built-in.o
 .text.arm_init_before_mmu
                0x0000000000000000        0x4 arch/arm/lib/built-in.o
 .text.mmu_page_table_flush
                0x0000000000000000        0x4 arch/arm/lib/built-in.o
 .rodata.enable_caches.str1.1
                0x0000000000000000       0x1d arch/arm/lib/built-in.o
 .data          0x0000000000000000        0x0 arch/arm/lib/built-in.o
 .bss           0x0000000000000000        0x0 arch/arm/lib/built-in.o
 .text          0x0000000000000000        0x0 arch/arm/mach-imx/built-in.o
 .text.imx_iomux_set_gpr_register
                0x0000000000000000       0x4c arch/arm/mach-imx/built-in.o
 .text.get_imx_reset_cause
                0x0000000000000000       0x10 arch/arm/mach-imx/built-in.o
 .text.get_som_type
                0x0000000000000000      0x24c arch/arm/mach-imx/built-in.o
 .text.set_chipselect_size
                0x0000000000000000       0x84 arch/arm/mach-imx/built-in.o
 .text.init_src
                0x0000000000000000       0x20 arch/arm/mach-imx/built-in.o
 .text.imx_rdc_setup_ma
                0x0000000000000000       0x24 arch/arm/mach-imx/built-in.o
 .text.imx_rdc_setup_masters
                0x0000000000000000       0x34 arch/arm/mach-imx/built-in.o
 .text.usec2ticks
                0x0000000000000000       0x64 arch/arm/mach-imx/built-in.o
 .text.get_board_rev
                0x0000000000000000        0x4 arch/arm/mach-imx/built-in.o
 .text.set_clk_qspi
                0x0000000000000000       0x34 arch/arm/mach-imx/built-in.o
 .text.set_clk_nand
                0x0000000000000000       0x38 arch/arm/mach-imx/built-in.o
 .text.clock_set_prediv
                0x0000000000000000       0x90 arch/arm/mach-imx/built-in.o
 .text.clock_set_postdiv
                0x0000000000000000       0x8c arch/arm/mach-imx/built-in.o
 .text.clock_set_autopostdiv
                0x0000000000000000       0x94 arch/arm/mach-imx/built-in.o
 .text.clock_get_target_val
                0x0000000000000000       0x28 arch/arm/mach-imx/built-in.o
 .text.clock_root_cfg
                0x0000000000000000      0x108 arch/arm/mach-imx/built-in.o
 .text.mx7_dram_cfg
                0x0000000000000000      0x26c arch/arm/mach-imx/built-in.o
 .text.imx_ddr_size
                0x0000000000000000      0x174 arch/arm/mach-imx/built-in.o
 .rodata.get_som_type.str1.1
                0x0000000000000000       0x77 arch/arm/mach-imx/built-in.o
 .rodata.set_chipselect_size.str1.1
                0x0000000000000000       0x1e arch/arm/mach-imx/built-in.o
 .rodata.clock_set_autopostdiv.str1.1
                0x0000000000000000       0x1e arch/arm/mach-imx/built-in.o
 .rodata.clock_set_postdiv.str1.1
                0x0000000000000000       0x11 arch/arm/mach-imx/built-in.o
 .rodata.clock_set_prediv.str1.1
                0x0000000000000000       0x10 arch/arm/mach-imx/built-in.o
 .data          0x0000000000000000        0x0 arch/arm/mach-imx/built-in.o
 .bss           0x0000000000000000        0x0 arch/arm/mach-imx/built-in.o
 .text          0x0000000000000000        0x0 board/technexion/pico-imx7d/built-in.o
 .data          0x0000000000000000        0x0 board/technexion/pico-imx7d/built-in.o
 .bss           0x0000000000000000        0x0 board/technexion/pico-imx7d/built-in.o
 .text          0x0000000000000000        0x0 cmd/built-in.o
[...]
Memory Configuration

Name             Origin             Length             Attributes
*default*        0x0000000000000000 0xffffffffffffffff

Linker script and memory map

Address of section .text set to 0x87800000

/DISCARD/
 *(.rel._secure*)
                0x0000000000000000                . = 0x0
                0x0000000000000000                . = ALIGN (0x4)

.text           0x0000000087800000    0x52054
 *(.__image_copy_start)
 .__image_copy_start
                0x0000000087800000        0x0 arch/arm/lib/built-in.o
                0x0000000087800000                __image_copy_start
 *(.vectors)
 .vectors       0x0000000087800000      0x2e8 arch/arm/lib/built-in.o
                0x0000000087800000                _start
                0x0000000087800020                _undefined_instruction
                0x0000000087800024                _software_interrupt
                0x0000000087800028                _prefetch_abort
                0x000000008780002c                _data_abort
                0x0000000087800030                _not_used
                0x0000000087800034                _irq
                0x0000000087800038                _fiq
                0x0000000087800040                IRQ_STACK_START_IN
 arch/arm/cpu/armv7/start.o(.text*)
 .text          0x00000000878002e8       0xb0 arch/arm/cpu/armv7/start.o
                0x00000000878002e8                reset
                0x00000000878002ec                save_boot_params_ret
                0x0000000087800328                c_runtime_cpu_setup
                0x0000000087800338                save_boot_params
                0x000000008780033c                cpu_init_cp15
                0x0000000087800390                cpu_init_crit
 *(.text*)
 .text          0x0000000087800398      0x148 arch/arm/cpu/armv7/built-in.o
                0x0000000087800398                __v7_flush_dcache_all
                0x000000008780042c                v7_flush_dcache_all
                0x000000008780043c                __v7_invalidate_dcache_all
                0x00000000878004d0                v7_invalidate_dcache_all
 .text.invalidate_icache_all
                0x00000000878004e0       0x18 arch/arm/cpu/armv7/built-in.o
                0x00000000878004e0                invalidate_icache_all
 .text.v7_outer_cache_enable
                0x00000000878004f8        0x4 arch/arm/cpu/armv7/built-in.o
                0x00000000878004f8                v7_outer_cache_enable
 .text.v7_outer_cache_disable
                0x00000000878004fc        0x4 arch/arm/cpu/armv7/built-in.o
                0x00000000878004fc                v7_outer_cache_disable
 .text.v7_outer_cache_flush_all
                0x0000000087800500        0x4 arch/arm/cpu/armv7/built-in.o
                0x0000000087800500                v7_outer_cache_flush_all
 .text.flush_dcache_all
                0x0000000087800504       0x10 arch/arm/cpu/armv7/built-in.o
                0x0000000087800504                flush_dcache_all
 .text.v7_outer_cache_inval_all
                0x0000000087800514        0x4 arch/arm/cpu/armv7/built-in.o
                0x0000000087800514                v7_outer_cache_inval_all
 .text.invalidate_dcache_all
                0x0000000087800518       0x10 arch/arm/cpu/armv7/built-in.o
                0x0000000087800518                invalidate_dcache_all
 .text.arm_init_before_mmu
                0x0000000087800528       0x28 arch/arm/cpu/armv7/built-in.o
                0x0000000087800528                arm_init_before_mmu
 .text.v7_outer_cache_flush_range
                0x0000000087800550        0x4 arch/arm/cpu/armv7/built-in.o
                0x0000000087800550                v7_outer_cache_flush_range
 .text.flush_dcache_range
                0x0000000087800554       0x54 arch/arm/cpu/armv7/built-in.o
                0x0000000087800554                flush_dcache_range
 .text.mmu_page_table_flush
                0x00000000878005a8       0x24 arch/arm/cpu/armv7/built-in.o
                0x00000000878005a8                mmu_page_table_flush
 .text.v7_outer_cache_inval_range
                0x00000000878005cc        0x4 arch/arm/cpu/armv7/built-in.o
                0x00000000878005cc                v7_outer_cache_inval_range
 .text.invalidate_dcache_range
                0x00000000878005d0       0x64 arch/arm/cpu/armv7/built-in.o
                0x00000000878005d0                invalidate_dcache_range
 .text.cpu_cache_initialization
                0x0000000087800634        0x4 arch/arm/cpu/armv7/built-in.o
                0x0000000087800634                cpu_cache_initialization
 .text.cleanup_before_linux_select
                0x0000000087800638       0x4c arch/arm/cpu/armv7/built-in.o
                0x0000000087800638                cleanup_before_linux_select
 .text.cleanup_before_linux
                0x0000000087800684        0x8 arch/arm/cpu/armv7/built-in.o
                0x0000000087800684                cleanup_before_linux
 .text.lowlevel_init
                0x000000008780068c       0x24 arch/arm/cpu/armv7/built-in.o
                0x000000008780068c                lowlevel_init
 .text.get_gicd_base_address
                0x00000000878006b0       0x34 arch/arm/cpu/armv7/built-in.o
 .text.protect_secure_section
                0x00000000878006e4        0x4 arch/arm/cpu/armv7/built-in.o
                0x00000000878006e4                protect_secure_section
 .text.psci_board_init
                0x00000000878006e8        0x4 arch/arm/cpu/armv7/built-in.o
                0x00000000878006e8                psci_board_init
 .text.armv7_init_nonsec
                0x00000000878006ec       0xd0 arch/arm/cpu/armv7/built-in.o
                0x00000000878006ec                armv7_init_nonsec
 .text.armv7_apply_memory_carveout
                0x00000000878007bc        0x8 arch/arm/cpu/armv7/built-in.o
                0x00000000878007bc                armv7_apply_memory_carveout
 .text.psci_update_dt
                0x00000000878007c4       0x20 arch/arm/cpu/armv7/built-in.o
                0x00000000878007c4                psci_update_dt
 *fill*         0x00000000878007e4       0x1c 
 .text          0x0000000087800800      0x528 arch/arm/lib/built-in.o
                0x0000000087800800                _main
                0x00000000878008a0                memset
                0x000000008780097c                memcpy
 .text.setjmp   0x0000000087800d28       0x10 arch/arm/lib/built-in.o
                0x0000000087800d28                setjmp
 .text.longjmp  0x0000000087800d38       0x1c arch/arm/lib/built-in.o
                0x0000000087800d38                longjmp
 .text.relocate_vectors
                0x0000000087800d54       0x70 arch/arm/lib/built-in.o
                0x0000000087800d54                relocate_vectors
                0x0000000087800d60                relocate_code
 .text.arch_fixup_fdt
                0x0000000087800dc4       0x60 arch/arm/lib/built-in.o
                0x0000000087800dc4                arch_fixup_fdt
 .text.arch_lmb_reserve
                0x0000000087800e24       0x3c arch/arm/lib/built-in.o
                0x0000000087800e24                arch_lmb_reserve
 .text.board_quiesce_devices
                0x0000000087800e60        0x4 arch/arm/lib/built-in.o
                0x0000000087800e60                board_quiesce_devices
 .text.setup_board_tags
                0x0000000087800e64        0x4 arch/arm/lib/built-in.o
                0x0000000087800e64                setup_board_tags
 .text.boot_prep_linux
                0x0000000087800e68      0x1b8 arch/arm/lib/built-in.o
 .text.armv7_boot_nonsec_default
                0x0000000087801020        0x8 arch/arm/lib/built-in.o
                0x0000000087801020                armv7_boot_nonsec_default
 .text.armv7_boot_nonsec
                0x0000000087801028       0x5c arch/arm/lib/built-in.o
                0x0000000087801028                armv7_boot_nonsec
 .text.boot_jump_linux
                0x0000000087801084      0x108 arch/arm/lib/built-in.o
 .text.do_bootm_linux
                0x000000008780118c       0x58 arch/arm/lib/built-in.o
                0x000000008780118c                do_bootm_linux
 .text.boot_prep_vxworks
                0x00000000878011e4       0x50 arch/arm/lib/built-in.o
                0x00000000878011e4                boot_prep_vxworks
 .text.boot_jump_vxworks
                0x0000000087801234        0xc arch/arm/lib/built-in.o
                0x0000000087801234                boot_jump_vxworks
 .text.bootz_setup
                0x0000000087801240       0x7c arch/arm/lib/built-in.o
                0x0000000087801240                bootz_setup
 .text.arch_reserve_stacks
                0x00000000878012bc       0x1c arch/arm/lib/built-in.o
                0x00000000878012bc                arch_reserve_stacks
 .text.interrupt_init
                0x00000000878012d8       0x1c arch/arm/lib/built-in.o
                0x00000000878012d8                interrupt_init
 .text.enable_interrupts
                0x00000000878012f4        0x4 arch/arm/lib/built-in.o
                0x00000000878012f4                enable_interrupts
 .text.disable_interrupts
                0x00000000878012f8        0x8 arch/arm/lib/built-in.o
                0x00000000878012f8                disable_interrupts
 .text.bad_mode
                0x0000000087801300       0x10 arch/arm/lib/built-in.o
                0x0000000087801300                bad_mode
 .text.show_regs
                0x0000000087801310      0x174 arch/arm/lib/built-in.o
                0x0000000087801310                show_regs
 .text.do_undefined_instruction
                0x0000000087801484       0x30 arch/arm/lib/built-in.o
                0x0000000087801484                do_undefined_instruction
 .text.do_software_interrupt
                0x00000000878014b4       0x30 arch/arm/lib/built-in.o
                0x00000000878014b4                do_software_interrupt
 .text.do_prefetch_abort
                0x00000000878014e4       0x30 arch/arm/lib/built-in.o
                0x00000000878014e4                do_prefetch_abort
 .text.do_data_abort
                0x0000000087801514       0x30 arch/arm/lib/built-in.o
                0x0000000087801514                do_data_abort
 .text.do_not_used
                0x0000000087801544       0x30 arch/arm/lib/built-in.o
                0x0000000087801544                do_not_used
 .text.do_fiq   0x0000000087801574       0x30 arch/arm/lib/built-in.o
                0x0000000087801574                do_fiq
 .text.do_irq   0x00000000878015a4       0x30 arch/arm/lib/built-in.o
                0x00000000878015a4                do_irq
 .text.do_reset
                0x00000000878015d4       0x30 arch/arm/lib/built-in.o
                0x00000000878015d4                do_reset
 .text.flush_cache
                0x0000000087801604        0x8 arch/arm/lib/built-in.o
                0x0000000087801604                flush_cache
 .text.check_cache_range
                0x000000008780160c       0x34 arch/arm/lib/built-in.o
                0x000000008780160c                check_cache_range
 .text.cache_disable
                0x0000000087801640       0x4c arch/arm/lib/built-in.o
 .text.arm_init_domains
                0x000000008780168c        0x4 arch/arm/lib/built-in.o
                0x000000008780168c                arm_init_domains
 .text.set_section_dcache
                0x0000000087801690       0x14 arch/arm/lib/built-in.o
                0x0000000087801690                set_section_dcache
 .text.mmu_set_region_dcache_behaviour
                0x00000000878016a4       0x58 arch/arm/lib/built-in.o
                0x00000000878016a4                mmu_set_region_dcache_behaviour
 .text.dram_bank_mmu_setup
                0x00000000878016fc       0x40 arch/arm/lib/built-in.o
                0x00000000878016fc                dram_bank_mmu_setup
 .text.icache_enable
                0x000000008780173c       0x14 arch/arm/lib/built-in.o
                0x000000008780173c                icache_enable
 .text.icache_disable
                0x0000000087801750        0x8 arch/arm/lib/built-in.o
                0x0000000087801750                icache_disable
 .text.icache_status
                0x0000000087801758        0xc arch/arm/lib/built-in.o
                0x0000000087801758                icache_status
 .text.dcache_enable
                0x0000000087801764       0x80 arch/arm/lib/built-in.o
                0x0000000087801764                dcache_enable
 .text.dcache_disable
                0x00000000878017e4        0x8 arch/arm/lib/built-in.o
                0x00000000878017e4                dcache_disable
 .text.dcache_status
                0x00000000878017ec        0xc arch/arm/lib/built-in.o
                0x00000000878017ec                dcache_status
 .text.fdt_psci
                0x00000000878017f8      0x1c0 arch/arm/lib/built-in.o
                0x00000000878017f8                fdt_psci
 .text.imx_iomux_v3_setup_pad
                0x00000000878019b8      0x104 arch/arm/mach-imx/built-in.o
                0x00000000878019b8                imx_iomux_v3_setup_pad
 .text.imx_iomux_v3_setup_multiple_pads
                0x0000000087801abc       0x28 arch/arm/mach-imx/built-in.o
                0x0000000087801abc                imx_iomux_v3_setup_multiple_pads
 .text.mxs_wait_mask_set
                0x0000000087801ae4       0x40 arch/arm/mach-imx/built-in.o
                0x0000000087801ae4                mxs_wait_mask_set
 .text.mxs_wait_mask_clr
                0x0000000087801b24       0x40 arch/arm/mach-imx/built-in.o
                0x0000000087801b24                mxs_wait_mask_clr
 .text.mxs_reset_block
                0x0000000087801b64       0xa4 arch/arm/mach-imx/built-in.o
                0x0000000087801b64                mxs_reset_block
 .text.imx_sec_init
                0x0000000087801c08        0x4 arch/arm/mach-imx/built-in.o
                0x0000000087801c08                imx_sec_init
 .text.board_lmb_reserve
                0x0000000087801c0c       0x3c arch/arm/mach-imx/built-in.o
                0x0000000087801c0c                board_lmb_reserve
 .text.get_imx_type
                0x0000000087801c48       0x20 arch/arm/mach-imx/built-in.o
                0x0000000087801c48                get_imx_type
 .text.cpu_eth_init
                0x0000000087801c68        0x4 arch/arm/mach-imx/built-in.o
                0x0000000087801c68                cpu_eth_init
 .text.cpu_mmc_init
                0x0000000087801c6c        0x4 arch/arm/mach-imx/built-in.o
                0x0000000087801c6c                cpu_mmc_init
 .text.arch_preboot_os
                0x0000000087801c70        0x4 arch/arm/mach-imx/built-in.o
                0x0000000087801c70                arch_preboot_os
 .text.get_cpu_speed_grade_hz
                0x0000000087801c74      0x1e4 arch/arm/mach-imx/built-in.o
                0x0000000087801c74                get_cpu_speed_grade_hz
 .text.get_cpu_temp_grade
                0x0000000087801e58       0x6c arch/arm/mach-imx/built-in.o
                0x0000000087801e58                get_cpu_temp_grade
 .text.print_cpuinfo
                0x0000000087801ec4      0x26c arch/arm/mach-imx/built-in.o
                0x0000000087801ec4                print_cpuinfo
 .text.get_boot_device
                0x0000000087802130       0x9c arch/arm/mach-imx/built-in.o
                0x0000000087802130                get_boot_device
 .text.force_idle_bus
                0x00000000878021cc      0x1c4 arch/arm/mach-imx/built-in.o
                0x00000000878021cc                force_idle_bus
 .text.setup_i2c
                0x0000000087802390       0xdc arch/arm/mach-imx/built-in.o
                0x0000000087802390                setup_i2c
 .text.board_mmc_get_env_dev
                0x000000008780246c        0x8 arch/arm/mach-imx/built-in.o
                0x000000008780246c                board_mmc_get_env_dev
 .text.mmc_get_env_dev
                0x0000000087802474       0x30 arch/arm/mach-imx/built-in.o
                0x0000000087802474                mmc_get_env_dev
 .text.enable_caches
                0x00000000878024a4       0x60 arch/arm/mach-imx/built-in.o
                0x00000000878024a4                enable_caches
 .text.init_aips
                0x0000000087802504      0x124 arch/arm/mach-imx/built-in.o
                0x0000000087802504                init_aips
 .text.imx_wdog_disable_powerdown
                0x0000000087802628       0xa8 arch/arm/mach-imx/built-in.o
                0x0000000087802628                imx_wdog_disable_powerdown
 .text.boot_mode_apply
                0x00000000878026d0       0x30 arch/arm/mach-imx/built-in.o
                0x00000000878026d0                boot_mode_apply
 .text.imx_get_mac_from_fuse
                0x0000000087802700      0x118 arch/arm/mach-imx/built-in.o
                0x0000000087802700                imx_get_mac_from_fuse
 .text.imx_rdc_check_permission
                0x0000000087802818       0x38 arch/arm/mach-imx/built-in.o
                0x0000000087802818                imx_rdc_check_permission
 .text.imx_rdc_sema_lock
                0x0000000087802850       0x78 arch/arm/mach-imx/built-in.o
                0x0000000087802850                imx_rdc_sema_lock
 .text.imx_rdc_sema_unlock
                0x00000000878028c8       0x7c arch/arm/mach-imx/built-in.o
                0x00000000878028c8                imx_rdc_sema_unlock
 .text.imx_rdc_setup_peri
                0x0000000087802944       0x54 arch/arm/mach-imx/built-in.o
                0x0000000087802944                imx_rdc_setup_peri
 .text.imx_rdc_setup_peripherals
                0x0000000087802998       0x38 arch/arm/mach-imx/built-in.o
                0x0000000087802998                imx_rdc_setup_peripherals
 .text.arch_auxiliary_core_up
                0x00000000878029d0       0x48 arch/arm/mach-imx/built-in.o
                0x00000000878029d0                arch_auxiliary_core_up
 .text.arch_auxiliary_core_check_up
                0x0000000087802a18       0x1c arch/arm/mach-imx/built-in.o
                0x0000000087802a18                arch_auxiliary_core_check_up
 .text.do_bootaux
                0x0000000087802a34       0x94 arch/arm/mach-imx/built-in.o
 .text.timer_init
                0x0000000087802ac8       0x48 arch/arm/mach-imx/built-in.o
                0x0000000087802ac8                timer_init
 .text.get_ticks
                0x0000000087802b10       0x18 arch/arm/mach-imx/built-in.o
                0x0000000087802b10                get_ticks
 .text.get_timer_masked
                0x0000000087802b28       0x58 arch/arm/mach-imx/built-in.o
                0x0000000087802b28                get_timer_masked
 .text.get_timer
                0x0000000087802b80       0x14 arch/arm/mach-imx/built-in.o
                0x0000000087802b80                get_timer
 *fill*         0x0000000087802b94        0x4 
 .text.__udelay
                0x0000000087802b98       0xb8 arch/arm/mach-imx/built-in.o
                0x0000000087802b98                __udelay
 .text.get_tbclk
                0x0000000087802c50        0x8 arch/arm/mach-imx/built-in.o
                0x0000000087802c50                get_tbclk
 .text.create_usage
                0x0000000087802c58       0xa4 arch/arm/mach-imx/built-in.o
 .text.do_boot_mode
                0x0000000087802cfc       0xf0 arch/arm/mach-imx/built-in.o
 .text.add_board_boot_modes
                0x0000000087802dec       0x60 arch/arm/mach-imx/built-in.o
                0x0000000087802dec                add_board_boot_modes
 .text.get_cpu_rev
                0x0000000087802e4c       0x38 arch/arm/mach-imx/built-in.o
                0x0000000087802e4c                get_cpu_rev
 .text.ft_system_setup
                0x0000000087802e84      0x108 arch/arm/mach-imx/built-in.o
                0x0000000087802e84                ft_system_setup
 .text.is_usb_boot
                0x0000000087802f8c        0xc arch/arm/mach-imx/built-in.o
                0x0000000087802f8c                is_usb_boot
 .text.arch_cpu_init
                0x0000000087802f98      0x16c arch/arm/mach-imx/built-in.o
                0x0000000087802f98                arch_cpu_init
 .text.arch_misc_init
                0x0000000087803104        0x8 arch/arm/mach-imx/built-in.o
                0x0000000087803104                arch_misc_init
 .text.set_wdog_reset
                0x000000008780310c       0x24 arch/arm/mach-imx/built-in.o
                0x000000008780310c                set_wdog_reset
 .text.s_init   0x0000000087803130        0x4 arch/arm/mach-imx/built-in.o
                0x0000000087803130                s_init
 .text.reset_misc
                0x0000000087803134        0x4 arch/arm/mach-imx/built-in.o
                0x0000000087803134                reset_misc
 .text.reset_cpu
                0x0000000087803138       0x18 arch/arm/mach-imx/built-in.o
                0x0000000087803138                reset_cpu
 .text.enable_pll_enet
                0x0000000087803150       0x8c arch/arm/mach-imx/built-in.o
 .text.enable_usboh3_clk.part.0
                0x00000000878031dc       0x50 arch/arm/mach-imx/built-in.o
 .text.decode_pll.constprop.3
                0x000000008780322c      0x134 arch/arm/mach-imx/built-in.o
 .text.mxc_get_pll_ddr_derive
                0x0000000087803360       0x5c arch/arm/mach-imx/built-in.o
 .text.enable_ocotp_clk
                0x00000000878033bc       0x10 arch/arm/mach-imx/built-in.o
                0x00000000878033bc                enable_ocotp_clk
 .text.enable_thermal_clk
                0x00000000878033cc        0x8 arch/arm/mach-imx/built-in.o
                0x00000000878033cc                enable_thermal_clk
 .text.enable_usboh3_clk
                0x00000000878033d4       0x48 arch/arm/mach-imx/built-in.o
                0x00000000878033d4                enable_usboh3_clk
 .text.get_root_clk
                0x000000008780341c      0x418 arch/arm/mach-imx/built-in.o
                0x000000008780341c                get_root_clk
 .text.get_ahb_clk
                0x0000000087803834        0x8 arch/arm/mach-imx/built-in.o
                0x0000000087803834                get_ahb_clk
 .text.imx_get_uartclk
                0x000000008780383c        0x8 arch/arm/mach-imx/built-in.o
                0x000000008780383c                imx_get_uartclk
 .text.imx_get_fecclk
                0x0000000087803844        0x8 arch/arm/mach-imx/built-in.o
                0x0000000087803844                imx_get_fecclk
 .text.mxc_get_clock
                0x000000008780384c       0xf0 arch/arm/mach-imx/built-in.o
                0x000000008780384c                mxc_get_clock
 .text.get_clocks
                0x000000008780393c       0x1c arch/arm/mach-imx/built-in.o
                0x000000008780393c                get_clocks
 .text.do_mx7_showclocks
                0x0000000087803958      0x15c arch/arm/mach-imx/built-in.o
                0x0000000087803958                do_mx7_showclocks
 .text.enable_i2c_clk
                0x0000000087803ab4       0x5c arch/arm/mach-imx/built-in.o
                0x0000000087803ab4                enable_i2c_clk
 .text.mxs_set_lcdclk
                0x0000000087803b10      0x224 arch/arm/mach-imx/built-in.o
                0x0000000087803b10                mxs_set_lcdclk
 .text.set_clk_enet
                0x0000000087803d34       0xc4 arch/arm/mach-imx/built-in.o
                0x0000000087803d34                set_clk_enet
 .text.clock_init
                0x0000000087803df8      0x2f8 arch/arm/mach-imx/built-in.o
                0x0000000087803df8                clock_init
 .text.select   0x00000000878040f0       0x30 arch/arm/mach-imx/built-in.o
 .text.clock_set_src
                0x0000000087804120       0xa4 arch/arm/mach-imx/built-in.o
                0x0000000087804120                clock_set_src
 .text.clock_get_src
                0x00000000878041c4       0x64 arch/arm/mach-imx/built-in.o
                0x00000000878041c4                clock_get_src
 .text.clock_get_prediv
                0x0000000087804228       0x7c arch/arm/mach-imx/built-in.o
                0x0000000087804228                clock_get_prediv
 .text.clock_get_postdiv
                0x00000000878042a4       0x50 arch/arm/mach-imx/built-in.o
                0x00000000878042a4                clock_get_postdiv
 .text.clock_get_autopostdiv
                0x00000000878042f4       0x90 arch/arm/mach-imx/built-in.o
                0x00000000878042f4                clock_get_autopostdiv
 .text.clock_set_target_val
                0x0000000087804384       0x24 arch/arm/mach-imx/built-in.o
                0x0000000087804384                clock_set_target_val
 .text.clock_root_enabled
                0x00000000878043a8       0x40 arch/arm/mach-imx/built-in.o
                0x00000000878043a8                clock_root_enabled
 .text.clock_enable
                0x00000000878043e8       0x44 arch/arm/mach-imx/built-in.o
                0x00000000878043e8                clock_enable
 .text.do_enable_parallel_lcd
                0x000000008780442c       0x40 board/technexion/pico-imx7d/built-in.o
                0x000000008780442c                do_enable_parallel_lcd
 .text.dram_init
                0x000000008780446c       0x58 board/technexion/pico-imx7d/built-in.o
                0x000000008780446c                dram_init
 .text.board_video_skip
                0x00000000878044c4       0xe8 board/technexion/pico-imx7d/built-in.o
                0x00000000878044c4                board_video_skip
 .text.board_mmc_getcd
                0x00000000878045ac       0x4c board/technexion/pico-imx7d/built-in.o
                0x00000000878045ac                board_mmc_getcd
 .text.board_mmc_init
                0x00000000878045f8      0x11c board/technexion/pico-imx7d/built-in.o
                0x00000000878045f8                board_mmc_init
 .text.check_mmc_autodetect
                0x0000000087804714       0x38 board/technexion/pico-imx7d/built-in.o
                0x0000000087804714                check_mmc_autodetect
 .text.board_late_mmc_init
                0x000000008780474c       0x60 board/technexion/pico-imx7d/built-in.o
                0x000000008780474c                board_late_mmc_init
 .text.board_eth_init
                0x00000000878047ac       0x74 board/technexion/pico-imx7d/built-in.o
                0x00000000878047ac                board_eth_init
 .text.board_phy_config
                0x0000000087804820      0x128 board/technexion/pico-imx7d/built-in.o
                0x0000000087804820                board_phy_config
 .text.board_early_init_f
                0x0000000087804948       0x6c board/technexion/pico-imx7d/built-in.o
                0x0000000087804948                board_early_init_f
 .text.board_init
                0x00000000878049b4       0xa0 board/technexion/pico-imx7d/built-in.o
                0x00000000878049b4                board_init
 .text.power_init_board
                0x0000000087804a54      0x108 board/technexion/pico-imx7d/built-in.o
                0x0000000087804a54                power_init_board
 .text.board_late_init
                0x0000000087804b5c       0x38 board/technexion/pico-imx7d/built-in.o
                0x0000000087804b5c                board_late_init
 .text.get_board_rev
                0x0000000087804b94        0x4 board/technexion/pico-imx7d/built-in.o
                0x0000000087804b94                get_board_rev
 .text.checkboard
                0x0000000087804b98       0x24 board/technexion/pico-imx7d/built-in.o
                0x0000000087804b98                checkboard
 .text.ft_board_setup
                0x0000000087804bbc        0x8 board/technexion/pico-imx7d/built-in.o
                0x0000000087804bbc                ft_board_setup
 .text.board_usb_phy_mode
                0x0000000087804bc4        0x8 board/technexion/pico-imx7d/built-in.o
                0x0000000087804bc4                board_usb_phy_mode
 .text.board_ehci_hcd_init
                0x0000000087804bcc       0x5c board/technexion/pico-imx7d/built-in.o
                0x0000000087804bcc                board_ehci_hcd_init
 .text.do_go_exec
                0x0000000087804c28       0x10 cmd/built-in.o
                0x0000000087804c28                do_go_exec
 .text.do_go    0x0000000087804c38       0x6c cmd/built-in.o
 .text.do_bootm
                0x0000000087804ca4      0x108 cmd/built-in.o
                0x0000000087804ca4                do_bootm
 .text.do_bootd
                0x0000000087804dac       0x20 cmd/built-in.o
                0x0000000087804dac                do_bootd
 .text.image_info
                0x0000000087804dcc      0x11c cmd/built-in.o
 .text.do_iminfo
                0x0000000087804ee8       0x54 cmd/built-in.o
 .text.bootm_maybe_autostart
                0x0000000087804f3c       0x78 cmd/built-in.o
                0x0000000087804f3c                bootm_maybe_autostart
 .text.do_help  0x0000000087804fb4       0x44 cmd/built-in.o
 .text.do_version
                0x0000000087804ff8       0x40 cmd/built-in.o
 .text.blk_common_cmd
                0x0000000087805038      0x310 cmd/built-in.o
                0x0000000087805038                blk_common_cmd
 .text.source   0x0000000087805348      0x1c4 cmd/built-in.o
                0x0000000087805348                source
 .text.do_source
                0x000000008780550c       0x78 cmd/built-in.o
 .text.print_num
                0x0000000087805584       0x14 cmd/built-in.o
 .text.do_bdinfo
                0x0000000087805598      0x1d0 cmd/built-in.o
 .text.do_bmp   0x0000000087805768       0x58 cmd/built-in.o
 .text.do_bmp_info
                0x00000000878057c0      0x10c cmd/built-in.o
 .text.bmp_display
                0x00000000878058cc       0x50 cmd/built-in.o
                0x00000000878058cc                bmp_display
 .text.do_bmp_display
                0x000000008780591c       0xb8 cmd/built-in.o
 .text.efi_init_obj_list
                0x00000000878059d4       0x38 cmd/built-in.o
 .text.do_bootefi_exec
                0x0000000087805a0c      0x434 cmd/built-in.o
 .text.do_bootefi
                0x0000000087805e40      0x144 cmd/built-in.o
 .text.efi_set_bootdev
                0x0000000087805f84      0x11c cmd/built-in.o
                0x0000000087805f84                efi_set_bootdev
 .text.do_bootz
                0x00000000878060a0       0xfc cmd/built-in.o
                0x00000000878060a0                do_bootz
 .text.parse_argv
                0x000000008780619c       0x64 cmd/built-in.o
 .text.do_icache
                0x0000000087806200       0x88 cmd/built-in.o
 .text.do_dcache
                0x0000000087806288       0x88 cmd/built-in.o
 .text.do_coninfo
                0x0000000087806310       0xb0 cmd/built-in.o
 .text.do_echo  0x00000000878063c0       0xb4 cmd/built-in.o
 .text.load_elf_image_shdr
                0x0000000087806474       0x8c cmd/built-in.o
 .text.valid_elf_image
                0x0000000087806500       0x4c cmd/built-in.o
                0x0000000087806500                valid_elf_image
 .text.do_bootelf
                0x000000008780654c      0x1cc cmd/built-in.o
                0x000000008780654c                do_bootelf
 .text.do_bootvx
                0x0000000087806718      0x334 cmd/built-in.o
                0x0000000087806718                do_bootvx
 .text.do_exit  0x0000000087806a4c       0x48 cmd/built-in.o
 .text.do_fat_size
                0x0000000087806a94       0x18 cmd/built-in.o
                0x0000000087806a94                do_fat_size
 .text.do_fat_fsload
                0x0000000087806aac       0x18 cmd/built-in.o
                0x0000000087806aac                do_fat_fsload
 .text.do_fat_ls
                0x0000000087806ac4       0x18 cmd/built-in.o
 .text.do_fat_fsinfo
                0x0000000087806adc       0x8c cmd/built-in.o
 .text.fdt_valid
                0x0000000087806b68       0xbc cmd/built-in.o
 .text.is_printable_string
                0x0000000087806c24       0x88 cmd/built-in.o
 .text.print_data
                0x0000000087806cac      0x170 cmd/built-in.o
 .text.set_working_fdt_addr
                0x0000000087806e1c       0x1c cmd/built-in.o
                0x0000000087806e1c                set_working_fdt_addr
 .text.do_fdt   0x0000000087806e38      0xf4c cmd/built-in.o
 .text.do_size_wrapper
                0x0000000087807d84       0x18 cmd/built-in.o
 .text.do_load_wrapper
                0x0000000087807d9c       0x64 cmd/built-in.o
 .text.do_save_wrapper
                0x0000000087807e00       0x18 cmd/built-in.o
 .text.do_ls_wrapper
                0x0000000087807e18       0x18 cmd/built-in.o
 .text.do_fstype_wrapper
                0x0000000087807e30        0x4 cmd/built-in.o
 .text.strtou32
                0x0000000087807e34       0x44 cmd/built-in.o
 .text.do_fuse  0x0000000087807e78      0x364 cmd/built-in.o
 .text.name_to_gpio
                0x00000000878081dc        0xc cmd/built-in.o
                0x00000000878081dc                name_to_gpio
 .text.do_gpio  0x00000000878081e8      0x1ac cmd/built-in.o
 .text.do_i2c   0x0000000087808394       0x68 cmd/built-in.o
 .text.do_i2c_bus_speed
                0x00000000878083fc       0x78 cmd/built-in.o
 .text.do_i2c_reset
                0x0000000087808474       0x2c cmd/built-in.o
 .text.do_i2c_probe
                0x00000000878084a0       0xa0 cmd/built-in.o
 .text.do_i2c_bus_num
                0x0000000087808540       0xb8 cmd/built-in.o
 .text.do_i2c_show_bus
                0x00000000878085f8       0xdc cmd/built-in.o
 .text.get_alen.constprop.5
                0x00000000878086d4       0x3c cmd/built-in.o
 .text.do_i2c_crc
                0x0000000087808710      0x120 cmd/built-in.o
 .text.mod_i2c_mem.isra.3
                0x0000000087808830      0x1ec cmd/built-in.o
 .text.do_i2c_nm
                0x0000000087808a1c        0x8 cmd/built-in.o
 .text.do_i2c_mm
                0x0000000087808a24        0x8 cmd/built-in.o
 .text.do_i2c_md
                0x0000000087808a2c      0x1e8 cmd/built-in.o
 .text.do_i2c_read
                0x0000000087808c14       0xbc cmd/built-in.o
 .text.do_i2c_mw
                0x0000000087808cd0       0xf8 cmd/built-in.o
 .text.do_i2c_write
                0x0000000087808dc8      0x144 cmd/built-in.o
 .text.do_i2c_loop
                0x0000000087808f0c       0xec cmd/built-in.o
 .text.i2c_init_board
                0x0000000087808ff8        0x4 cmd/built-in.o
                0x0000000087808ff8                i2c_init_board
 .text.evalexp  0x0000000087808ffc       0x7c cmd/built-in.o
 .text.evalstr  0x0000000087809078       0x64 cmd/built-in.o
 .text.binary_test
                0x00000000878090dc      0x1c0 cmd/built-in.o
 .text.do_itest
                0x000000008780929c       0x88 cmd/built-in.o
 .text.bin_data_init
                0x0000000087809324       0x2c cmd/built-in.o
 .text.k_data_save
                0x0000000087809350       0x4c cmd/built-in.o
 .text.k_data_restore
                0x000000008780939c       0x4c cmd/built-in.o
 .text.getcxmodem
                0x00000000878093e8       0x20 cmd/built-in.o
 .text.load_serial_ymodem
                0x0000000087809408       0xcc cmd/built-in.o
 .text.bin_data_char
                0x00000000878094d4       0x2c cmd/built-in.o
 .text.chk1.constprop.2
                0x0000000087809500       0x30 cmd/built-in.o
 .text.s1_sendpacket.constprop.3
                0x0000000087809530       0x4c cmd/built-in.o
 .text.load_serial
                0x000000008780957c      0x1d8 cmd/built-in.o
 .text.do_load_serial
                0x0000000087809754       0xdc cmd/built-in.o
 .text.do_load_serial_bin
                0x0000000087809830      0x794 cmd/built-in.o
 .text.do_mem_mw
                0x0000000087809fc4       0xc0 cmd/built-in.o
 .text.do_mem_loop
                0x000000008780a084       0xec cmd/built-in.o
 .text.do_mem_md
                0x000000008780a170       0xe8 cmd/built-in.o
 .text.do_mem_cmp
                0x000000008780a258      0x154 cmd/built-in.o
 .text.do_mem_base
                0x000000008780a3ac       0x40 cmd/built-in.o
 .text.do_mem_cp
                0x000000008780a3ec       0xa8 cmd/built-in.o
 .text.do_mem_crc
                0x000000008780a494       0x48 cmd/built-in.o
 .text.do_mem_mtest
                0x000000008780a4dc      0x224 cmd/built-in.o
 .text.mod_mem.isra.0
                0x000000008780a700      0x170 cmd/built-in.o
 .text.do_mem_mm
                0x000000008780a870        0x8 cmd/built-in.o
 .text.do_mem_nm
                0x000000008780a878        0x8 cmd/built-in.o
 .text.extract_range
                0x000000008780a880       0xe4 cmd/built-in.o
 .text.do_mii   0x000000008780a964      0x8f8 cmd/built-in.o
 .text.do_mdio  0x000000008780b25c      0x4e8 cmd/built-in.o
 .text.do_sleep
                0x000000008780b744       0xcc cmd/built-in.o
 .text.do_mmcops
                0x000000008780b810       0xb8 cmd/built-in.o
 .text.init_mmc_device
                0x000000008780b8c8       0x50 cmd/built-in.o
 .text.do_mmc_rescan
                0x000000008780b918       0x24 cmd/built-in.o
 .text.do_mmc_rst_func
                0x000000008780b93c       0x9c cmd/built-in.o
 .text.do_mmc_partconf
                0x000000008780b9d8       0xfc cmd/built-in.o
 .text.do_mmc_boot_resize
                0x000000008780bad4       0xc8 cmd/built-in.o
 .text.do_mmc_bootbus
                0x000000008780bb9c       0xb0 cmd/built-in.o
 .text.do_mmc_hwpartition
                0x000000008780bc4c      0x50c cmd/built-in.o
 .text.do_mmc_list
                0x000000008780c158       0x14 cmd/built-in.o
 .text.do_mmc_dev
                0x000000008780c16c      0x134 cmd/built-in.o
 .text.do_mmc_read
                0x000000008780c2a0       0xe4 cmd/built-in.o
 .text.do_mmc_erase
                0x000000008780c384       0xec cmd/built-in.o
 .text.do_mmc_write
                0x000000008780c470      0x104 cmd/built-in.o
 .text.do_mmcinfo
                0x000000008780c574      0x3a4 cmd/built-in.o
 .text.do_mmc_setdsr
                0x000000008780c918       0xa8 cmd/built-in.o
 .text.do_mmc_part
                0x000000008780c9c0       0x60 cmd/built-in.o
 .text.netboot_common
                0x000000008780ca20      0x288 cmd/built-in.o
 .text.do_bootp
                0x000000008780cca8        0xc cmd/built-in.o
 .text.do_dhcp  0x000000008780ccb4        0xc cmd/built-in.o
 .text.do_nfs   0x000000008780ccc0        0xc cmd/built-in.o
 .text.do_tftpb
                0x000000008780cccc       0x40 cmd/built-in.o
                0x000000008780cccc                do_tftpb
 .text.do_ping  0x000000008780cd0c       0x78 cmd/built-in.o
 .text.substitute
                0x000000008780cd84       0xf0 cmd/built-in.o
 .text.get_arg  0x000000008780ce74       0x58 cmd/built-in.o
 .text.regex_sub.part.1
                0x000000008780cecc      0x47c cmd/built-in.o
 .text.do_setexpr
                0x000000008780d348      0x194 cmd/built-in.o
 .text.do_false
                0x000000008780d4dc        0x8 cmd/built-in.o
 .text.do_true  0x000000008780d4e4        0x8 cmd/built-in.o
 .text.do_test  0x000000008780d4ec      0x328 cmd/built-in.o
 .text.usb_get_class_desc
                0x000000008780d814       0xbc cmd/built-in.o
 .text.usb_find_device
                0x000000008780d8d0       0x3c cmd/built-in.o
 .text.usb_show_tree_graph
                0x000000008780d90c      0x230 cmd/built-in.o
 .text.usb_display_class_sub
                0x000000008780db3c      0x170 cmd/built-in.o
 .text.usb_display_desc
                0x000000008780dcac      0x150 cmd/built-in.o
 .text.usb_display_string
                0x000000008780ddfc       0x44 cmd/built-in.o
 .text.usb_display_config
                0x000000008780de40      0x210 cmd/built-in.o
 .text.do_usbboot
                0x000000008780e050        0xc cmd/built-in.o
 .text.do_usb_start
                0x000000008780e05c       0x38 cmd/built-in.o
 .text.usb_show_tree
                0x000000008780e094       0x54 cmd/built-in.o
                0x000000008780e094                usb_show_tree
 .text.do_usb   0x000000008780e0e8      0x404 cmd/built-in.o
 .text.common_diskboot
                0x000000008780e4ec      0x2a8 cmd/built-in.o
                0x000000008780e4ec                common_diskboot
 .text.do_fastboot
                0x000000008780e794       0xb8 cmd/built-in.o
 .text.ums_read_sector
                0x000000008780e84c       0x20 cmd/built-in.o
 .text.ums_write_sector
                0x000000008780e86c       0x20 cmd/built-in.o
 .text.ums_fini
                0x000000008780e88c       0x54 cmd/built-in.o
 .text.do_usb_mass_storage
                0x000000008780e8e0      0x34c cmd/built-in.o
 .text.do_imgextract
                0x000000008780ec2c      0x3b8 cmd/built-in.o
 .text.do_env_delete
                0x000000008780efe4       0xa0 cmd/built-in.o
 .text.do_env_exists
                0x000000008780f084       0x64 cmd/built-in.o
 .text.do_env_save
                0x000000008780f0e8       0x14 cmd/built-in.o
 .text.do_env   0x000000008780f0fc       0x68 cmd/built-in.o
 .text.env_print
                0x000000008780f164       0xc4 cmd/built-in.o
 .text.do_env_print
                0x000000008780f228       0xc0 cmd/built-in.o
 .text.do_env_import
                0x000000008780f2e8      0x264 cmd/built-in.o
 .text.do_env_default
                0x000000008780f54c       0x9c cmd/built-in.o
 .text._do_env_set.isra.0
                0x000000008780f5e8      0x1b4 cmd/built-in.o
 .text.do_env_set
                0x000000008780f79c       0x20 cmd/built-in.o
 .text.get_env_id
                0x000000008780f7bc       0x10 cmd/built-in.o
                0x000000008780f7bc                get_env_id
 .text.env_set  0x000000008780f7cc       0x60 cmd/built-in.o
                0x000000008780f7cc                env_set
 .text.env_set_ulong
                0x000000008780f82c       0x20 cmd/built-in.o
                0x000000008780f82c                env_set_ulong
 .text.env_set_hex
                0x000000008780f84c       0x34 cmd/built-in.o
                0x000000008780f84c                env_set_hex
 .text.do_env_export
                0x000000008780f880      0x220 cmd/built-in.o
 .text.envmatch
                0x000000008780faa0       0x6c cmd/built-in.o
                0x000000008780faa0                envmatch
 .text.env_get_f
                0x000000008780fb0c       0xdc cmd/built-in.o
                0x000000008780fb0c                env_get_f
 .text.env_get  0x000000008780fbe8       0x78 cmd/built-in.o
                0x000000008780fbe8                env_get
 .text.env_get_hex
                0x000000008780fc60       0x3c cmd/built-in.o
                0x000000008780fc60                env_get_hex
 .text.env_get_ulong
                0x000000008780fc9c       0x30 cmd/built-in.o
                0x000000008780fc9c                env_get_ulong
 .text.do_env_edit.part.3
                0x000000008780fccc       0xac cmd/built-in.o
 .text.do_env_edit
                0x000000008780fd78       0x2c cmd/built-in.o
 .text.board_init_f_alloc_reserve
                0x000000008780fda4        0xc common/built-in.o
                0x000000008780fda4                board_init_f_alloc_reserve
 .text.board_init_f_init_reserve
                0x000000008780fdb0       0x20 common/built-in.o
                0x000000008780fdb0                board_init_f_init_reserve
 .text.show_boot_progress
                0x000000008780fdd0        0x8 common/built-in.o
                0x000000008780fdd0                show_boot_progress
 .text.main_loop
                0x000000008780fdd8       0x28 common/built-in.o
                0x000000008780fdd8                main_loop
 .text.mdelay   0x000000008780fe00       0x1c common/built-in.o
 .text.dummy    0x000000008780fe1c        0x4 common/built-in.o
 .text.get_version
                0x000000008780fe20        0x8 common/built-in.o
                0x000000008780fe20                get_version
 .text.jumptable_init
                0x000000008780fe28      0x1f0 common/built-in.o
                0x000000008780fe28                jumptable_init
 .text.hash_finish_crc32
                0x0000000087810018       0x30 common/built-in.o
 .text.hash_update_crc32
                0x0000000087810048       0x24 common/built-in.o
 .text.hash_init_crc32
                0x000000008781006c       0x24 common/built-in.o
 .text.hash_finish_sha256
                0x0000000087810090       0x38 common/built-in.o
 .text.hash_update_sha256
                0x00000000878100c8       0x1c common/built-in.o
 .text.hash_init_sha256
                0x00000000878100e4       0x24 common/built-in.o
 .text.hash_finish_sha1
                0x0000000087810108       0x38 common/built-in.o
 .text.hash_update_sha1
                0x0000000087810140       0x1c common/built-in.o
 .text.hash_init_sha1
                0x000000008781015c       0x24 common/built-in.o
 .text.hash_lookup_algo
                0x0000000087810180       0x54 common/built-in.o
                0x0000000087810180                hash_lookup_algo
 .text.hash_command
                0x00000000878101d4      0x1cc common/built-in.o
                0x00000000878101d4                hash_command
 .text.b_reset  0x00000000878103a0       0x1c common/built-in.o
 .text.static_get
                0x00000000878103bc       0x1c common/built-in.o
 .text.static_peek
                0x00000000878103d8        0xc common/built-in.o
 .text.mapset   0x00000000878103e4       0x20 common/built-in.o
 .text.syntax_err
                0x0000000087810404        0xc common/built-in.o
 .text.free_pipe_list
                0x0000000087810410       0xe4 common/built-in.o
 .text.xmalloc  0x00000000878104f4       0x20 common/built-in.o
 .text.new_pipe
                0x0000000087810514       0x28 common/built-in.o
 .text.xrealloc
                0x000000008781053c       0x20 common/built-in.o
 .text.done_command
                0x000000008781055c       0x88 common/built-in.o
 .text.done_pipe
                0x00000000878105e4       0x48 common/built-in.o
 .text.done_word
                0x000000008781062c      0x2cc common/built-in.o
 .text.is_assignment
                0x00000000878108f8       0x5c common/built-in.o
 .text.file_get
                0x0000000087810954      0x1ec common/built-in.o
 .text.do_showvar
                0x0000000087810b40      0x100 common/built-in.o
 .text.b_addchr
                0x0000000087810c40       0x80 common/built-in.o
 .text.b_addqchr
                0x0000000087810cc0       0x50 common/built-in.o
 .text.file_peek
                0x0000000087810d10        0xc common/built-in.o
 .text.get_local_var
                0x0000000087810d1c       0x94 common/built-in.o
                0x0000000087810d1c                get_local_var
 .text.set_local_var
                0x0000000087810db0      0x1a8 common/built-in.o
                0x0000000087810db0                set_local_var
 .text.insert_var_value_sub
                0x0000000087810f58      0x2b8 common/built-in.o
 .text.parse_string_outer
                0x0000000087811210       0xe8 common/built-in.o
                0x0000000087811210                parse_string_outer
 .text.run_list_real
                0x00000000878112f8      0x7b0 common/built-in.o
 .text.parse_stream_outer
                0x0000000087811aa8      0x6c0 common/built-in.o
 .text.parse_file_outer
                0x0000000087812168       0x44 common/built-in.o
                0x0000000087812168                parse_file_outer
 .text.u_boot_hush_start
                0x00000000878121ac       0x54 common/built-in.o
                0x00000000878121ac                u_boot_hush_start
 .text.bootdelay_process
                0x0000000087812200      0x118 common/built-in.o
                0x0000000087812200                bootdelay_process
 .text.autoboot_command
                0x0000000087812318       0xf4 common/built-in.o
                0x0000000087812318                autoboot_command
 .text.log_init
                0x000000008781240c       0x10 common/built-in.o
 .text.display_text_info
                0x000000008781241c        0x8 common/built-in.o
 .text.setup_mon_len
                0x0000000087812424       0x20 common/built-in.o
 .text.reserve_round_4k
                0x0000000087812444       0x18 common/built-in.o
 .text.reserve_mmu
                0x000000008781245c       0x38 common/built-in.o
                0x000000008781245c                reserve_mmu
 .text.reserve_uboot
                0x0000000087812494       0x30 common/built-in.o
 .text.reserve_malloc
                0x00000000878124c4       0x14 common/built-in.o
 .text.reserve_global_data
                0x00000000878124d8       0x1c common/built-in.o
 .text.reserve_fdt
                0x00000000878124f4       0x4c common/built-in.o
 .text.dram_init_banksize
                0x0000000087812540       0x24 common/built-in.o
                0x0000000087812540                dram_init_banksize
 .text.setup_reloc
                0x0000000087812564       0x40 common/built-in.o
 .text.reloc_fdt
                0x00000000878125a4       0x44 common/built-in.o
 .text.reserve_board
                0x00000000878125e8       0x40 common/built-in.o
 .text.announce_dram_init
                0x0000000087812628       0x18 common/built-in.o
 .text.init_func_i2c
                0x0000000087812640       0x28 common/built-in.o
 .text.init_baud_rate
                0x0000000087812668       0x2c common/built-in.o
 .text.initf_dm
                0x0000000087812694        0x8 common/built-in.o
 .text.initf_bootstage
                0x000000008781269c       0x14 common/built-in.o
 .text.arch_cpu_init_dm
                0x00000000878126b0        0x8 common/built-in.o
                0x00000000878126b0                arch_cpu_init_dm
 .text.mach_cpu_init
                0x00000000878126b8        0x8 common/built-in.o
                0x00000000878126b8                mach_cpu_init
 .text.reserve_video
                0x00000000878126c0        0x8 common/built-in.o
 .text.reserve_trace
                0x00000000878126c8        0x8 common/built-in.o
 .text.setup_machine
                0x00000000878126d0        0x8 common/built-in.o
 .text.reserve_bootstage
                0x00000000878126d8        0x8 common/built-in.o
 .text.display_new_sp
                0x00000000878126e0        0x8 common/built-in.o
 .text.reloc_bootstage
                0x00000000878126e8        0x8 common/built-in.o
 .text.initf_console_record
                0x00000000878126f0        0x8 common/built-in.o
 .text.reserve_arch
                0x00000000878126f8        0x8 common/built-in.o
                0x00000000878126f8                reserve_arch
 .text.coloured_LED_init
                0x0000000087812700        0x4 common/built-in.o
                0x0000000087812700                coloured_LED_init
 .text.red_led_on
                0x0000000087812704        0x4 common/built-in.o
                0x0000000087812704                red_led_on
 .text.board_add_ram_info
                0x0000000087812708        0x4 common/built-in.o
                0x0000000087812708                board_add_ram_info
 .text.show_dram_config
                0x000000008781270c       0x38 common/built-in.o
 .text.board_get_usable_ram_top
                0x0000000087812744       0x14 common/built-in.o
                0x0000000087812744                board_get_usable_ram_top
 .text.setup_dest_addr
                0x0000000087812758       0x3c common/built-in.o
 .text.reserve_stacks
                0x0000000087812794       0x1c common/built-in.o
 .text.board_init_f
                0x00000000878127b0       0x28 common/built-in.o
                0x00000000878127b0                board_init_f
 .text.initr_trace
                0x00000000878127d8        0x8 common/built-in.o
 .text.initr_reloc
                0x00000000878127e0       0x18 common/built-in.o
 .text.run_main_loop
                0x00000000878127f8        0xc common/built-in.o
 .text.initr_check_fastboot
                0x0000000087812804       0x10 common/built-in.o
 .text.initr_net
                0x0000000087812814       0x1c common/built-in.o
 .text.initr_fastboot_setup
                0x0000000087812830       0x10 common/built-in.o
 .text.initr_ethaddr
                0x0000000087812840       0x20 common/built-in.o
 .text.initr_enable_interrupts
                0x0000000087812860       0x10 common/built-in.o
 .text.initr_jumptable
                0x0000000087812870       0x10 common/built-in.o
 .text.initr_env
                0x0000000087812880       0x30 common/built-in.o
 .text.initr_mmc
                0x00000000878128b0       0x20 common/built-in.o
 .text.initr_serial
                0x00000000878128d0       0x10 common/built-in.o
 .text.initr_dm
                0x00000000878128e0       0x14 common/built-in.o
 .text.initr_bootstage
                0x00000000878128f4       0x14 common/built-in.o
 .text.initr_malloc
                0x0000000087812908       0x1c common/built-in.o
 .text.initr_reloc_global_data
                0x0000000087812924       0x38 common/built-in.o
 .text.initr_caches
                0x000000008781295c       0x10 common/built-in.o
 .text.bootstage_relocate
                0x000000008781296c        0x8 common/built-in.o
 .text.initr_barrier
                0x0000000087812974        0x8 common/built-in.o
 .text.initr_console_record
                0x000000008781297c        0x8 common/built-in.o
 .text.initr_announce
                0x0000000087812984        0x8 common/built-in.o
 .text.cpu_secondary_init_r
                0x000000008781298c        0x4 common/built-in.o
                0x000000008781298c                cpu_secondary_init_r
 .text.initr_secondary_cpu
                0x0000000087812990       0x10 common/built-in.o
 .text.board_init_r
                0x00000000878129a0       0x20 common/built-in.o
                0x00000000878129a0                board_init_r
 .text.show_board_info
                0x00000000878129c0        0x4 common/built-in.o
                0x00000000878129c0                show_board_info
 .text.bootm_find_images
                0x00000000878129c4       0xd4 common/built-in.o
                0x00000000878129c4                bootm_find_images
 .text.bootm_decomp_image
                0x0000000087812a98      0x140 common/built-in.o
                0x0000000087812a98                bootm_decomp_image
 .text.bootm_disable_interrupts
                0x0000000087812bd8       0x18 common/built-in.o
                0x0000000087812bd8                bootm_disable_interrupts
 .text.do_bootm_states
                0x0000000087812bf0      0x8a4 common/built-in.o
                0x0000000087812bf0                do_bootm_states
 .text.do_bootm_standalone
                0x0000000087813494       0x64 common/built-in.o
 .text.do_bootm_qnxelf
                0x00000000878134f8       0xa8 common/built-in.o
 .text.do_bootvx_fdt
                0x00000000878135a0      0x114 common/built-in.o
                0x00000000878135a0                do_bootvx_fdt
 .text.do_bootm_vxworks
                0x00000000878136b4       0x54 common/built-in.o
 .text.boot_selected_os
                0x0000000087813708       0x58 common/built-in.o
                0x0000000087813708                boot_selected_os
 .text.bootm_os_get_boot_func
                0x0000000087813760       0x10 common/built-in.o
                0x0000000087813760                bootm_os_get_boot_func
 .text.fdt_find_and_setprop
                0x0000000087813770       0x70 common/built-in.o
                0x0000000087813770                fdt_find_and_setprop
 .text.fdt_find_or_add_subnode
                0x00000000878137e0       0x60 common/built-in.o
                0x00000000878137e0                fdt_find_or_add_subnode
 .text.fdt_root
                0x0000000087813840       0x90 common/built-in.o
                0x0000000087813840                fdt_root
 .text.fdt_initrd
                0x00000000878138d0      0x1d0 common/built-in.o
                0x00000000878138d0                fdt_initrd
 .text.fdt_chosen
                0x0000000087813aa0       0xa8 common/built-in.o
                0x0000000087813aa0                fdt_chosen
 .text.do_fixup_by_path
                0x0000000087813b48       0x54 common/built-in.o
                0x0000000087813b48                do_fixup_by_path
 .text.fdt_fixup_memory_banks
                0x0000000087813b9c      0x200 common/built-in.o
                0x0000000087813b9c                fdt_fixup_memory_banks
 .text.fdt_fixup_memory
                0x0000000087813d9c       0x20 common/built-in.o
                0x0000000087813d9c                fdt_fixup_memory
 .text.fdt_fixup_ethernet
                0x0000000087813dbc      0x1b8 common/built-in.o
                0x0000000087813dbc                fdt_fixup_ethernet
 .text.fdt_shrink_to_minimum
                0x0000000087813f74       0xd4 common/built-in.o
                0x0000000087813f74                fdt_shrink_to_minimum
 .text.miiphy_get_dev_by_name
                0x0000000087814048       0x58 common/built-in.o
                0x0000000087814048                miiphy_get_dev_by_name
 .text.miiphy_init
                0x00000000878140a0       0x24 common/built-in.o
                0x00000000878140a0                miiphy_init
 .text.mdio_alloc
                0x00000000878140c4       0x30 common/built-in.o
                0x00000000878140c4                mdio_alloc
 .text.mdio_register
                0x00000000878140f4       0x88 common/built-in.o
                0x00000000878140f4                mdio_register
 .text.mdio_unregister
                0x000000008781417c       0x3c common/built-in.o
                0x000000008781417c                mdio_unregister
 .text.mdio_list_devices
                0x00000000878141b8       0xac common/built-in.o
                0x00000000878141b8                mdio_list_devices
 .text.miiphy_set_current_dev
                0x0000000087814264       0x40 common/built-in.o
                0x0000000087814264                miiphy_set_current_dev
 .text.miiphy_get_active_dev
                0x00000000878142a4       0x54 common/built-in.o
 .text.mdio_get_current_dev
                0x00000000878142f8       0x10 common/built-in.o
                0x00000000878142f8                mdio_get_current_dev
 .text.mdio_phydev_for_ethname
                0x0000000087814308       0x88 common/built-in.o
                0x0000000087814308                mdio_phydev_for_ethname
 .text.miiphy_get_current_dev
                0x0000000087814390       0x18 common/built-in.o
                0x0000000087814390                miiphy_get_current_dev
 .text.miiphy_read
                0x00000000878143a8       0x4c common/built-in.o
                0x00000000878143a8                miiphy_read
 .text.miiphy_write
                0x00000000878143f4       0x40 common/built-in.o
                0x00000000878143f4                miiphy_write
 .text.miiphy_listdev
                0x0000000087814434       0x78 common/built-in.o
                0x0000000087814434                miiphy_listdev
 .text.miiphy_info
                0x00000000878144ac       0x88 common/built-in.o
                0x00000000878144ac                miiphy_info
 .text.miiphy_speed
                0x0000000087814534       0xc4 common/built-in.o
                0x0000000087814534                miiphy_speed
 .text.miiphy_duplex
                0x00000000878145f8       0xbc common/built-in.o
                0x00000000878145f8                miiphy_duplex
 .text.miiphy_is_1000base_x
                0x00000000878146b4        0x8 common/built-in.o
                0x00000000878146b4                miiphy_is_1000base_x
 .text.usb_set_maxpacket_ep
                0x00000000878146bc       0x78 common/built-in.o
 .text.usb_stop
                0x0000000087814734       0x80 common/built-in.o
                0x0000000087814734                usb_stop
 .text.usb_disable_asynch
                0x00000000878147b4       0x20 common/built-in.o
                0x00000000878147b4                usb_disable_asynch
 .text.usb_control_msg
                0x00000000878147d4       0xbc common/built-in.o
                0x00000000878147d4                usb_control_msg
 .text.usb_get_descriptor
                0x0000000087814890       0x58 common/built-in.o
 .text.get_descriptor_len
                0x00000000878148e8       0x90 common/built-in.o
 .text.usb_setup_descriptor
                0x0000000087814978       0xd8 common/built-in.o
 .text.usb_get_string
                0x0000000087814a50       0x78 common/built-in.o
 .text.usb_string_sub
                0x0000000087814ac8      0x104 common/built-in.o
 .text.usb_bulk_msg
                0x0000000087814bcc       0x70 common/built-in.o
                0x0000000087814bcc                usb_bulk_msg
 .text.usb_maxpacket
                0x0000000087814c3c       0x18 common/built-in.o
                0x0000000087814c3c                usb_maxpacket
 .text.usb_clear_halt
                0x0000000087814c54       0x90 common/built-in.o
                0x0000000087814c54                usb_clear_halt
 .text.usb_get_configuration_len
                0x0000000087814ce4       0x74 common/built-in.o
                0x0000000087814ce4                usb_get_configuration_len
 .text.usb_get_configuration_no
                0x0000000087814d58       0x34 common/built-in.o
                0x0000000087814d58                usb_get_configuration_no
 .text.usb_set_interface
                0x0000000087814d8c       0xb4 common/built-in.o
                0x0000000087814d8c                usb_set_interface
 .text.usb_string
                0x0000000087814e40      0x104 common/built-in.o
                0x0000000087814e40                usb_string
 .text.usb_get_dev_index
                0x0000000087814f44       0x24 common/built-in.o
                0x0000000087814f44                usb_get_dev_index
 .text.usb_alloc_new_device
                0x0000000087814f68       0x8c common/built-in.o
                0x0000000087814f68                usb_alloc_new_device
 .text.usb_free_device
                0x0000000087814ff4       0x48 common/built-in.o
                0x0000000087814ff4                usb_free_device
 .text.usb_alloc_device
                0x000000008781503c        0x8 common/built-in.o
                0x000000008781503c                usb_alloc_device
 .text.usb_select_config
                0x0000000087815044      0x470 common/built-in.o
                0x0000000087815044                usb_select_config
 .text.usb_setup_device
                0x00000000878154b4       0xf0 common/built-in.o
                0x00000000878154b4                usb_setup_device
 .text.usb_new_device
                0x00000000878155a4       0x30 common/built-in.o
                0x00000000878155a4                usb_new_device
 .text.usb_init
                0x00000000878155d4      0x174 common/built-in.o
                0x00000000878155d4                usb_init
 .text.board_usb_init
                0x0000000087815748        0x8 common/built-in.o
                0x0000000087815748                board_usb_init
 .text.board_usb_cleanup
                0x0000000087815750        0x8 common/built-in.o
                0x0000000087815750                board_usb_cleanup
 .text.usb_device_has_child_on_port
                0x0000000087815758       0x14 common/built-in.o
                0x0000000087815758                usb_device_has_child_on_port
 .text.usb_find_usb2_hub_address_port
                0x000000008781576c       0x5c common/built-in.o
                0x000000008781576c                usb_find_usb2_hub_address_port
 .text.usb_set_port_feature
                0x00000000878157c8       0x4c common/built-in.o
 .text.usb_clear_port_feature
                0x0000000087815814       0x4c common/built-in.o
 .text.usb_get_hub_descriptor
                0x0000000087815860       0x5c common/built-in.o
 .text.usb_hub_reset_devices
                0x00000000878158bc        0x4 common/built-in.o
                0x00000000878158bc                usb_hub_reset_devices
 .text.usb_get_port_status
                0x00000000878158c0       0x4c common/built-in.o
                0x00000000878158c0                usb_get_port_status
 .text.usb_hub_reset
                0x000000008781590c       0x20 common/built-in.o
                0x000000008781590c                usb_hub_reset
 .text.usb_hub_port_connect_change
                0x000000008781592c      0x1ac common/built-in.o
                0x000000008781592c                usb_hub_port_connect_change
 .text.usb_hub_configure
                0x0000000087815ad8      0x590 common/built-in.o
 .text.usb_hub_probe
                0x0000000087816068       0x54 common/built-in.o
                0x0000000087816068                usb_hub_probe
 .text.usb_stor_irq
                0x00000000878160bc       0x1c common/built-in.o
 .text.usb_stor_BBB_reset
                0x00000000878160d8      0x108 common/built-in.o
 .text.usb_stor_CB_reset
                0x00000000878161e0       0xdc common/built-in.o
 .text.usb_stor_BBB_clear_endpt_stall.isra.3
                0x00000000878162bc       0x40 common/built-in.o
 .text.usb_stor_BBB_transport
                0x00000000878162fc      0x284 common/built-in.o
 .text.usb_stor_CB_comdat
                0x0000000087816580      0x210 common/built-in.o
 .text.usb_stor_CBI_get_status.isra.5
                0x0000000087816790       0xd8 common/built-in.o
 .text.usb_stor_CB_transport
                0x0000000087816868      0x210 common/built-in.o
 .text.usb_request_sense.constprop.11
                0x0000000087816a78       0x70 common/built-in.o
 .text.usb_stor_read
                0x0000000087816ae8      0x170 common/built-in.o
 .text.usb_stor_write
                0x0000000087816c58      0x170 common/built-in.o
 .text.usb_stor_info
                0x0000000087816dc8       0x78 common/built-in.o
                0x0000000087816dc8                usb_stor_info
 .text.usb_storage_probe
                0x0000000087816e40      0x20c common/built-in.o
                0x0000000087816e40                usb_storage_probe
 .text.usb_stor_get_info
                0x000000008781704c      0x324 common/built-in.o
                0x000000008781704c                usb_stor_get_info
 .text.usb_stor_scan
                0x0000000087817370      0x1ec common/built-in.o
                0x0000000087817370                usb_stor_scan
 .text.splash_screen_prepare
                0x000000008781755c       0x2c common/built-in.o
                0x000000008781755c                splash_screen_prepare
 .text.splash_get_pos
                0x0000000087817588       0x88 common/built-in.o
                0x0000000087817588                splash_get_pos
 .text.splash_select_fs_dev
                0x0000000087817610       0xc0 common/built-in.o
 .text.splash_storage_read_raw.isra.2
                0x00000000878176d0       0x3c common/built-in.o
 .text.splash_source_load
                0x000000008781770c      0x36c common/built-in.o
                0x000000008781770c                splash_source_load
 .text.delete_char.part.0
                0x0000000087817a78       0xd0 common/built-in.o
 .text.cread_add_char
                0x0000000087817b48       0xe4 common/built-in.o
 .text.cli_readline_into_buffer
                0x0000000087817c2c      0xa04 common/built-in.o
                0x0000000087817c2c                cli_readline_into_buffer
 .text.cli_readline
                0x0000000087818630       0x14 common/built-in.o
                0x0000000087818630                cli_readline
 .text.console_setfile
                0x0000000087818644       0xb8 common/built-in.o
 .text.serial_printf
                0x00000000878186fc       0x50 common/built-in.o
                0x00000000878186fc                serial_printf
 .text.fgetc    0x000000008781874c       0x24 common/built-in.o
                0x000000008781874c                fgetc
 .text.getc     0x0000000087818770       0x24 common/built-in.o
                0x0000000087818770                getc
 .text.ftstc    0x0000000087818794       0x24 common/built-in.o
                0x0000000087818794                ftstc
 .text.tstc     0x00000000878187b8       0x24 common/built-in.o
                0x00000000878187b8                tstc
 .text.fputc    0x00000000878187dc       0x1c common/built-in.o
                0x00000000878187dc                fputc
 .text.putc     0x00000000878187f8       0x28 common/built-in.o
                0x00000000878187f8                putc
 .text.fputs    0x0000000087818820       0x1c common/built-in.o
                0x0000000087818820                fputs
 .text.puts     0x000000008781883c       0x28 common/built-in.o
                0x000000008781883c                puts
 .text.ctrlc    0x0000000087818864       0x58 common/built-in.o
                0x0000000087818864                ctrlc
 .text.confirm_yesno
                0x00000000878188bc       0xcc common/built-in.o
                0x00000000878188bc                confirm_yesno
 .text.had_ctrlc
                0x0000000087818988       0x10 common/built-in.o
                0x0000000087818988                had_ctrlc
 .text.clear_ctrlc
                0x0000000087818998       0x14 common/built-in.o
                0x0000000087818998                clear_ctrlc
 .text.search_device
                0x00000000878189ac       0x28 common/built-in.o
                0x00000000878189ac                search_device
 .text.console_assign
                0x00000000878189d4       0x40 common/built-in.o
                0x00000000878189d4                console_assign
 .text.on_console
                0x0000000087818a14       0xb8 common/built-in.o
 .text.console_init_f
                0x0000000087818acc       0x10 common/built-in.o
                0x0000000087818acc                console_init_f
 .text.stdio_print_current_devices
                0x0000000087818adc       0xb0 common/built-in.o
                0x0000000087818adc                stdio_print_current_devices
 .text.console_init_r
                0x0000000087818b8c      0x1ac common/built-in.o
                0x0000000087818b8c                console_init_r
 .text.sbrk     0x0000000087818d38       0x6c common/built-in.o
                0x0000000087818d38                sbrk
 .text.mem_malloc_init
                0x0000000087818da4       0x34 common/built-in.o
                0x0000000087818da4                mem_malloc_init
 .text.malloc_trim
                0x0000000087818dd8       0xd0 common/built-in.o
                0x0000000087818dd8                malloc_trim
 .text.free     0x0000000087818ea8      0x240 common/built-in.o
                0x0000000087818ea8                free
 .text.malloc   0x00000000878190e8      0x614 common/built-in.o
                0x00000000878190e8                malloc
 .text.calloc   0x00000000878196fc      0x140 common/built-in.o
                0x00000000878196fc                calloc
 .text.realloc  0x000000008781983c      0x428 common/built-in.o
                0x000000008781983c                realloc
 .text.memalign
                0x0000000087819c64      0x170 common/built-in.o
                0x0000000087819c64                memalign
 .text.initf_malloc
                0x0000000087819dd4       0x18 common/built-in.o
                0x0000000087819dd4                initf_malloc
 .text.malloc_simple
                0x0000000087819dec       0x30 common/built-in.o
                0x0000000087819dec                malloc_simple
 .text.on_loadaddr
                0x0000000087819e1c       0x40 common/built-in.o
 .text.image_check_hcrc
                0x0000000087819e5c       0x4c common/built-in.o
                0x0000000087819e5c                image_check_hcrc
 .text.image_check_dcrc
                0x0000000087819ea8       0x38 common/built-in.o
                0x0000000087819ea8                image_check_dcrc
 .text.image_multi_count
                0x0000000087819ee0       0x1c common/built-in.o
                0x0000000087819ee0                image_multi_count
 .text.image_multi_getimg
                0x0000000087819efc       0x80 common/built-in.o
                0x0000000087819efc                image_multi_getimg
 .text.env_get_bootm_low
                0x0000000087819f7c       0x30 common/built-in.o
                0x0000000087819f7c                env_get_bootm_low
 .text.env_get_bootm_size
                0x0000000087819fac       0x68 common/built-in.o
                0x0000000087819fac                env_get_bootm_size
 .text.env_get_bootm_mapsize
                0x000000008781a014       0x30 common/built-in.o
                0x000000008781a014                env_get_bootm_mapsize
 .text.memmove_wd
                0x000000008781a044        0xc common/built-in.o
                0x000000008781a044                memmove_wd
 .text.genimg_print_size
                0x000000008781a050       0x30 common/built-in.o
                0x000000008781a050                genimg_print_size
 .text.get_table_entry
                0x000000008781a080       0x24 common/built-in.o
                0x000000008781a080                get_table_entry
 .text.get_table_entry_name
                0x000000008781a0a4       0x20 common/built-in.o
                0x000000008781a0a4                get_table_entry_name
 .text.genimg_get_os_name
                0x000000008781a0c4       0x18 common/built-in.o
                0x000000008781a0c4                genimg_get_os_name
 .text.genimg_get_arch_name
                0x000000008781a0dc       0x18 common/built-in.o
                0x000000008781a0dc                genimg_get_arch_name
 .text.genimg_get_type_name
                0x000000008781a0f4       0x18 common/built-in.o
                0x000000008781a0f4                genimg_get_type_name
 .text.genimg_get_comp_name
                0x000000008781a10c       0x18 common/built-in.o
                0x000000008781a10c                genimg_get_comp_name
 .text.image_print_contents
                0x000000008781a124      0x1b0 common/built-in.o
                0x000000008781a124                image_print_contents
 .text.get_table_entry_id
                0x000000008781a2d4       0x4c common/built-in.o
                0x000000008781a2d4                get_table_entry_id
 .text.genimg_get_os_id
                0x000000008781a320       0x18 common/built-in.o
                0x000000008781a320                genimg_get_os_id
 .text.genimg_get_arch_id
                0x000000008781a338       0x18 common/built-in.o
                0x000000008781a338                genimg_get_arch_id
 .text.genimg_get_type_id
                0x000000008781a350       0x18 common/built-in.o
                0x000000008781a350                genimg_get_type_id
 .text.genimg_get_comp_id
                0x000000008781a368       0x18 common/built-in.o
                0x000000008781a368                genimg_get_comp_id
 .text.genimg_get_kernel_addr_fit
                0x000000008781a380       0x70 common/built-in.o
                0x000000008781a380                genimg_get_kernel_addr_fit
 .text.genimg_get_format
                0x000000008781a3f0       0x34 common/built-in.o
                0x000000008781a3f0                genimg_get_format
 .text.genimg_has_config
                0x000000008781a424       0x10 common/built-in.o
                0x000000008781a424                genimg_has_config
 .text.boot_get_ramdisk
                0x000000008781a434      0x340 common/built-in.o
                0x000000008781a434                boot_get_ramdisk
 .text.boot_ramdisk_high
                0x000000008781a774      0x130 common/built-in.o
                0x000000008781a774                boot_ramdisk_high
 .text.boot_get_setup
                0x000000008781a8a4        0x4 common/built-in.o
                0x000000008781a8a4                boot_get_setup
 .text.boot_get_loadable
                0x000000008781a8a8      0x188 common/built-in.o
                0x000000008781a8a8                boot_get_loadable
 .text.image_setup_linux
                0x000000008781aa30       0x64 common/built-in.o
                0x000000008781aa30                image_setup_linux
 .text.fdt_error
                0x000000008781aa94       0x2c common/built-in.o
 .text.boot_fdt_add_mem_rsv_regions
                0x000000008781aac0       0x8c common/built-in.o
                0x000000008781aac0                boot_fdt_add_mem_rsv_regions
 .text.boot_relocate_fdt
                0x000000008781ab4c      0x194 common/built-in.o
                0x000000008781ab4c                boot_relocate_fdt
 .text.boot_get_fdt
                0x000000008781ace0      0x390 common/built-in.o
                0x000000008781ace0                boot_get_fdt
 .text.ft_verify_fdt
                0x000000008781b070        0x8 common/built-in.o
                0x000000008781b070                ft_verify_fdt
 .text.image_setup_libfdt
                0x000000008781b078      0x164 common/built-in.o
                0x000000008781b078                image_setup_libfdt
 .text.fit_image_get_address
                0x000000008781b1dc       0x64 common/built-in.o
 .text.fit_parse_conf
                0x000000008781b240       0x64 common/built-in.o
                0x000000008781b240                fit_parse_conf
 .text.fit_parse_subimage
                0x000000008781b2a4       0x64 common/built-in.o
                0x000000008781b2a4                fit_parse_subimage
 .text.fit_get_desc
                0x000000008781b308       0x30 common/built-in.o
                0x000000008781b308                fit_get_desc
 .text.fit_image_get_node
                0x000000008781b338       0x30 common/built-in.o
                0x000000008781b338                fit_image_get_node
 .text.fit_image_get_os
                0x000000008781b368       0x3c common/built-in.o
                0x000000008781b368                fit_image_get_os
 .text.fit_image_get_arch
                0x000000008781b3a4       0x3c common/built-in.o
                0x000000008781b3a4                fit_image_get_arch
 .text.fit_image_get_type
                0x000000008781b3e0       0x3c common/built-in.o
                0x000000008781b3e0                fit_image_get_type
 .text.fit_image_get_comp
                0x000000008781b41c       0x3c common/built-in.o
                0x000000008781b41c                fit_image_get_comp
 .text.fit_image_get_load
                0x000000008781b458       0x10 common/built-in.o
                0x000000008781b458                fit_image_get_load
 .text.fit_image_get_entry
                0x000000008781b468       0x10 common/built-in.o
                0x000000008781b468                fit_image_get_entry
 .text.fit_image_get_data
                0x000000008781b478       0x40 common/built-in.o
                0x000000008781b478                fit_image_get_data
 .text.fit_image_get_data_offset
                0x000000008781b4b8       0x34 common/built-in.o
                0x000000008781b4b8                fit_image_get_data_offset
 .text.fit_image_get_data_size
                0x000000008781b4ec       0x34 common/built-in.o
                0x000000008781b4ec                fit_image_get_data_size
 .text.fit_image_hash_get_algo
                0x000000008781b520       0x30 common/built-in.o
                0x000000008781b520                fit_image_hash_get_algo
 .text.fit_image_hash_get_value
                0x000000008781b550       0x40 common/built-in.o
                0x000000008781b550                fit_image_hash_get_value
 .text.fit_image_print_data
                0x000000008781b590      0x144 common/built-in.o
 .text.fit_image_print
                0x000000008781b6d4      0x384 common/built-in.o
                0x000000008781b6d4                fit_image_print
 .text.fit_get_end
                0x000000008781ba58       0x10 common/built-in.o
                0x000000008781ba58                fit_get_end
 .text.calculate_hash
                0x000000008781ba68       0xf8 common/built-in.o
                0x000000008781ba68                calculate_hash
 .text.fit_image_verify
                0x000000008781bb60      0x218 common/built-in.o
                0x000000008781bb60                fit_image_verify
 .text.fit_all_image_verify
                0x000000008781bd78       0xfc common/built-in.o
                0x000000008781bd78                fit_all_image_verify
 .text.fit_image_check_os
                0x000000008781be74       0x30 common/built-in.o
                0x000000008781be74                fit_image_check_os
 .text.fit_image_check_arch
                0x000000008781bea4       0x44 common/built-in.o
                0x000000008781bea4                fit_image_check_arch
 .text.fit_image_check_type
                0x000000008781bee8       0x30 common/built-in.o
                0x000000008781bee8                fit_image_check_type
 .text.fit_image_check_comp
                0x000000008781bf18       0x30 common/built-in.o
                0x000000008781bf18                fit_image_check_comp
 .text.fit_check_format
                0x000000008781bf48       0x40 common/built-in.o
                0x000000008781bf48                fit_check_format
 .text.fit_conf_get_node
                0x000000008781bf88       0xc8 common/built-in.o
                0x000000008781bf88                fit_conf_get_node
 .text.fit_conf_get_prop_node_index
                0x000000008781c050       0x30 common/built-in.o
                0x000000008781c050                fit_conf_get_prop_node_index
 .text.fit_conf_get_prop_node
                0x000000008781c080        0x8 common/built-in.o
                0x000000008781c080                fit_conf_get_prop_node
 .text.fit_conf_print
                0x000000008781c088      0x1cc common/built-in.o
                0x000000008781c088                fit_conf_print
 .text.fit_print_contents
                0x000000008781c254      0x204 common/built-in.o
                0x000000008781c254                fit_print_contents
 .text.fit_get_node_from_config
                0x000000008781c458       0x40 common/built-in.o
                0x000000008781c458                fit_get_node_from_config
 .text.fit_image_load
                0x000000008781c498      0x5a4 common/built-in.o
                0x000000008781c498                fit_image_load
 .text.boot_get_setup_fit
                0x000000008781ca3c       0x74 common/built-in.o
                0x000000008781ca3c                boot_get_setup_fit
 .text.boot_get_fdt_fit
                0x000000008781cab0      0x16c common/built-in.o
                0x000000008781cab0                boot_get_fdt_fit
 .text.get_effective_memsize
                0x000000008781cc1c        0x8 common/built-in.o
                0x000000008781cc1c                get_effective_memsize
 .text.nulldev_putc
                0x000000008781cc24        0x4 common/built-in.o
 .text.nulldev_puts
                0x000000008781cc28        0x4 common/built-in.o
 .text.nulldev_input
                0x000000008781cc2c        0x8 common/built-in.o
 .text.stdio_serial_tstc
                0x000000008781cc34        0x4 common/built-in.o
 .text.stdio_serial_getc
                0x000000008781cc38        0x4 common/built-in.o
 .text.stdio_serial_puts
                0x000000008781cc3c        0x8 common/built-in.o
 .text.stdio_serial_putc
                0x000000008781cc44        0x8 common/built-in.o
 .text.stdio_get_list
                0x000000008781cc4c        0xc common/built-in.o
                0x000000008781cc4c                stdio_get_list
 .text.stdio_get_by_name
                0x000000008781cc58       0x4c common/built-in.o
                0x000000008781cc58                stdio_get_by_name
 .text.stdio_clone
                0x000000008781cca4       0x38 common/built-in.o
                0x000000008781cca4                stdio_clone
 .text.stdio_register_dev
                0x000000008781ccdc       0x50 common/built-in.o
                0x000000008781ccdc                stdio_register_dev
 .text.stdio_register
                0x000000008781cd2c        0x8 common/built-in.o
                0x000000008781cd2c                stdio_register
 .text.stdio_init_tables
                0x000000008781cd34       0x1c common/built-in.o
                0x000000008781cd34                stdio_init_tables
 .text.stdio_add_devices
                0x000000008781cd50       0xd4 common/built-in.o
                0x000000008781cd50                stdio_add_devices
 .text.write_sparse_image
                0x000000008781ce24      0x408 common/built-in.o
                0x000000008781ce24                write_sparse_image
 .text.run_command
                0x000000008781d22c       0x10 common/built-in.o
                0x000000008781d22c                run_command
 .text.run_command_list
                0x000000008781d23c       0x7c common/built-in.o
                0x000000008781d23c                run_command_list
 .text.do_run   0x000000008781d2b8       0x74 common/built-in.o
                0x000000008781d2b8                do_run
 .text.cli_loop
                0x000000008781d32c        0xc common/built-in.o
                0x000000008781d32c                cli_loop
 .text.cli_init
                0x000000008781d338        0x4 common/built-in.o
                0x000000008781d338                cli_init
 .text.find_cmd_tbl
                0x000000008781d33c       0xa4 common/built-in.o
                0x000000008781d33c                find_cmd_tbl
 .text.find_cmd
                0x000000008781d3e0       0x28 common/built-in.o
                0x000000008781d3e0                find_cmd
 .text.cmd_usage
                0x000000008781d408       0x5c common/built-in.o
                0x000000008781d408                cmd_usage
 .text._do_help
                0x000000008781d464      0x184 common/built-in.o
                0x000000008781d464                _do_help
 .text.var_complete
                0x000000008781d5e8       0x88 common/built-in.o
                0x000000008781d5e8                var_complete
 .text.cmd_auto_complete
                0x000000008781d670      0x4c4 common/built-in.o
                0x000000008781d670                cmd_auto_complete
 .text.cmd_get_data_size
                0x000000008781db34       0x50 common/built-in.o
                0x000000008781db34                cmd_get_data_size
 .text.cmd_process
                0x000000008781db84       0xec common/built-in.o
                0x000000008781db84                cmd_process
 .text.cmd_process_error
                0x000000008781dc70       0x30 common/built-in.o
                0x000000008781dc70                cmd_process_error
 .text.hex1_bin
                0x000000008781dca0       0x40 common/built-in.o
 .text.hex2_bin
                0x000000008781dce0       0x38 common/built-in.o
 .text.srec_decode
                0x000000008781dd18      0x244 common/built-in.o
                0x000000008781dd18                srec_decode
 .text.CYGACC_COMM_IF_GETC_TIMEOUT.isra.0
                0x000000008781df5c       0x4c common/built-in.o
 .text.xyzModem_flush
                0x000000008781dfa8       0x1c common/built-in.o
 .text.xyzModem_get_hdr
                0x000000008781dfc4      0x21c common/built-in.o
 .text.xyzModem_stream_open
                0x000000008781e1e0      0x214 common/built-in.o
                0x000000008781e1e0                xyzModem_stream_open
 .text.xyzModem_stream_read
                0x000000008781e3f4      0x25c common/built-in.o
                0x000000008781e3f4                xyzModem_stream_read
 .text.xyzModem_stream_close
                0x000000008781e650       0x54 common/built-in.o
                0x000000008781e650                xyzModem_stream_close
 .text.xyzModem_stream_terminate
                0x000000008781e6a4       0x94 common/built-in.o
                0x000000008781e6a4                xyzModem_stream_terminate
 .text.xyzModem_error
                0x000000008781e738       0x1c common/built-in.o
                0x000000008781e738                xyzModem_error
 .text.blk_get_dev
                0x000000008781e754       0x30 disk/built-in.o
                0x000000008781e754                blk_get_dev
 .text.dev_print
                0x000000008781e784      0x230 disk/built-in.o
                0x000000008781e784                dev_print
 .text.part_init
                0x000000008781e9b4       0x50 disk/built-in.o
                0x000000008781e9b4                part_init
 .text.part_print
                0x000000008781ea04      0x138 disk/built-in.o
                0x000000008781ea04                part_print
 .text.part_get_info
                0x000000008781eb3c       0x64 disk/built-in.o
                0x000000008781eb3c                part_get_info
 .text.part_get_info_whole_disk
                0x000000008781eba0       0x4c disk/built-in.o
                0x000000008781eba0                part_get_info_whole_disk
 .text.blk_get_device_by_str
                0x000000008781ebec      0x14c disk/built-in.o
                0x000000008781ebec                blk_get_device_by_str
 .text.blk_get_device_part_str
                0x000000008781ed38      0x3c8 disk/built-in.o
                0x000000008781ed38                blk_get_device_part_str
 .text.part_set_generic_name
                0x000000008781f100       0x4c disk/built-in.o
                0x000000008781f100                part_set_generic_name
 .text.test_block_type
                0x000000008781f14c       0x84 disk/built-in.o
 .text.print_partition_extended
                0x000000008781f1d0      0x274 disk/built-in.o
 .text.part_print_dos
                0x000000008781f444       0x34 disk/built-in.o
                0x000000008781f444                part_print_dos
 .text.part_test_dos
                0x000000008781f478       0x70 disk/built-in.o
 .text.part_get_info_extended.constprop.1
                0x000000008781f4e8      0x280 disk/built-in.o
 .text.part_get_info_dos
                0x000000008781f768       0x20 disk/built-in.o
                0x000000008781f768                part_get_info_dos
 .text.print_efiname
                0x000000008781f788       0x88 disk/built-in.o
 .text.part_test_efi
                0x000000008781f810       0xcc disk/built-in.o
 *fill*         0x000000008781f8dc        0x4 
 .text.validate_gpt_header
                0x000000008781f8e0      0x228 disk/built-in.o
 .text.is_gpt_valid
                0x000000008781fb08      0x308 disk/built-in.o
 .text.is_pte_valid
                0x000000008781fe10       0x58 disk/built-in.o
 .text.part_print_efi
                0x000000008781fe68      0x284 disk/built-in.o
                0x000000008781fe68                part_print_efi
 .text.part_get_info_efi
                0x00000000878200ec      0x1bc disk/built-in.o
                0x00000000878200ec                part_get_info_efi
 .text.is_valid_gpt_buf
                0x00000000878202a8       0xc0 disk/built-in.o
                0x00000000878202a8                is_valid_gpt_buf
 .text.write_backup_gpt_partitions
                0x0000000087820368      0x324 disk/built-in.o
                0x0000000087820368                write_backup_gpt_partitions
 .text.device_bind_common.isra.0
                0x000000008782068c      0x314 drivers/built-in.o
 .text.alloc_priv
                0x00000000878209a0       0x54 drivers/built-in.o
 .text.device_bind_by_name
                0x00000000878209f4       0x70 drivers/built-in.o
                0x00000000878209f4                device_bind_by_name
 .text.device_probe
                0x0000000087820a64      0x220 drivers/built-in.o
                0x0000000087820a64                device_probe
 .text.dev_get_platdata
                0x0000000087820c84       0x30 drivers/built-in.o
                0x0000000087820c84                dev_get_platdata
 .text.dev_get_priv
                0x0000000087820cb4       0x30 drivers/built-in.o
                0x0000000087820cb4                dev_get_priv
 .text.lists_driver_lookup_name
                0x0000000087820ce4       0x48 drivers/built-in.o
                0x0000000087820ce4                lists_driver_lookup_name
 .text.lists_uclass_lookup
                0x0000000087820d2c       0x38 drivers/built-in.o
                0x0000000087820d2c                lists_uclass_lookup
 .text.lists_bind_drivers
                0x0000000087820d64       0x8c drivers/built-in.o
                0x0000000087820d64                lists_bind_drivers
 .text.dm_root  0x0000000087820df0       0x2c drivers/built-in.o
                0x0000000087820df0                dm_root
 .text.dm_init  0x0000000087820e1c       0x58 drivers/built-in.o
                0x0000000087820e1c                dm_init
 .text.dm_remove_devices_flags
                0x0000000087820e74       0x1c drivers/built-in.o
                0x0000000087820e74                dm_remove_devices_flags
 .text.dm_scan_platdata
                0x0000000087820e90       0x2c drivers/built-in.o
                0x0000000087820e90                dm_scan_platdata
 .text.dm_scan_other
                0x0000000087820ebc        0x8 drivers/built-in.o
                0x0000000087820ebc                dm_scan_other
 .text.dm_init_and_scan
                0x0000000087820ec4       0x34 drivers/built-in.o
                0x0000000087820ec4                dm_init_and_scan
 .text.uclass_find
                0x0000000087820ef8       0x4c drivers/built-in.o
                0x0000000087820ef8                uclass_find
 .text.uclass_get
                0x0000000087820f44      0x118 drivers/built-in.o
                0x0000000087820f44                uclass_get
 .text.uclass_find_device
                0x000000008782105c       0x74 drivers/built-in.o
                0x000000008782105c                uclass_find_device
 .text.uclass_find_device_by_seq
                0x00000000878210d0       0x7c drivers/built-in.o
                0x00000000878210d0                uclass_find_device_by_seq
 .text.uclass_get_device_tail
                0x000000008782114c       0x30 drivers/built-in.o
                0x000000008782114c                uclass_get_device_tail
 .text.uclass_get_device
                0x000000008782117c       0x30 drivers/built-in.o
                0x000000008782117c                uclass_get_device
 .text.uclass_bind_device
                0x00000000878211ac       0x7c drivers/built-in.o
                0x00000000878211ac                uclass_bind_device
 .text.uclass_unbind_device
                0x0000000087821228       0x4c drivers/built-in.o