uclass.c:23:16:uclass_find	0	static
uclass.c:105:5:uclass_destroy	16	static
uclass.c:139:5:uclass_get	24	static
uclass.c:152:13:uclass_get_name	16	static
uclass.c:161:16:uclass_get_by_name	16	static
uclass.c:175:5:uclass_find_device	24	static
uclass.c:198:5:uclass_find_first_device	16	static
uclass.c:215:5:uclass_find_next_device	0	static
uclass.c:228:5:uclass_find_device_by_name	32	static
uclass.c:252:5:uclass_find_device_by_seq	32	static
uclass.c:281:5:uclass_find_device_by_of_offset	24	static
uclass.c:305:5:uclass_find_device_by_ofnode	24	static
uclass.c:363:5:uclass_get_device_by_driver	24	static
uclass.c:383:5:uclass_get_device_tail	16	static
uclass.c:398:5:uclass_get_device	16	static
uclass.c:408:5:uclass_get_device_by_name	16	static
uclass.c:419:5:uclass_get_device_by_seq	24	static
uclass.c:436:5:uclass_get_device_by_of_offset	16	static
uclass.c:447:5:uclass_get_device_by_ofnode	16	static
uclass.c:472:5:uclass_first_device	16	static
uclass.c:484:5:uclass_first_device_err	8	static
uclass.c:497:5:uclass_next_device	16	static
uclass.c:509:5:uclass_first_device_check	8	static
uclass.c:523:5:uclass_next_device_check	8	static
uclass.c:536:5:uclass_bind_device	8	static
uclass.c:563:5:uclass_unbind_device	8	static
uclass.c:580:5:uclass_resolve_seq	24	static
uclass.c:611:5:uclass_pre_probe_device	8	static
uclass.c:632:5:uclass_post_probe_device	0	static
uclass.c:643:5:uclass_pre_remove_device	0	static
