fec_mxc.c:361:12:fec_set_hwaddr	0	static
fec_mxc.c:387:13:fec_reg_setup	0	static
fec_mxc.c:187:12:fec_phy_write	16	static
fec_mxc.c:181:12:fec_phy_read	16	static
fec_mxc.c:124:13:fec_mii_setspeed	8	static
fec_mxc.c:601:13:fec_halt	16	static
fec_mxc.c:645:12:fec_send	24	static
fec_mxc.c:529:12:fec_init	24	static
fec_mxc.c:796:12:fec_recv	1624	static
fec_mxc.c:1015:17:fec_get_miibus	16	static
fec_mxc.c:1041:13:init_clk_fec	0	static
fec_mxc.c:1047:5:fec_probe	64	static
fec_mxc.c:1144:5:fecmxc_initialize_multi	32	static
fec_mxc.c:1196:5:fecmxc_initialize	0	static
