mmc.c:1538:12:mmc_set_ios	0	static
mmc.c:912:12:mmc_set_capacity	32	static
mmc.c:61:12:board_mmc_getwp	0	static
mmc.c:66:5:mmc_getwp	8	static
mmc.c:82:12:board_mmc_getcd	0	static
mmc.c:221:5:mmc_send_cmd	0	static
mmc.c:478:12:mmc_go_idle	40	static
mmc.c:641:12:mmc_send_op_cond_iter	40	static
mmc.c:730:12:mmc_send_ext_csd	56	static
mmc.c:1767:12:mmc_read_and_compare_ext_csd	592	static
mmc.c:233:5:mmc_send_status	56	static
mmc.c:751:12:__mmc_switch.isra.5.constprop	48	static
mmc.c:791:12:mmc_set_card_speed.constprop	592	static
mmc.c:2126:12:mmc_startup_v4	624	static
mmc.c:278:5:mmc_set_blocklen	48	static
mmc.c:424:7:mmc_bread	80	static
mmc.c:786:5:mmc_switch	0	static
mmc.c:972:5:mmc_switch_part	24	static
mmc.c:1193:5:mmc_getcd	8	static
mmc.c:1389:5:sd_select_bus_width	48	static
mmc.c:1549:5:mmc_set_clock	4	static
mmc.c:2305:12:mmc_startup	440	static
mmc.c:2570:13:board_mmc_power_init	0	static
mmc.c:2668:5:mmc_start_init	56	static
mmc.c:2797:5:mmc_init	16	static
mmc.c:2822:5:mmc_set_dsr	0	static
mmc.c:2829:12:cpu_mmc_init	0	static
mmc.c:2835:12:board_mmc_init	0	static
mmc.c:2840:6:mmc_set_preinit	0	static
mmc.c:2884:5:mmc_initialize	8	static
