mmc.c:829:12:do_mmcops	32	static
mmc.c:94:20:init_mmc_device	16	static
mmc.c:371:12:do_mmc_rescan	8	static
mmc.c:712:12:do_mmc_rst_func	16	static
mmc.c:681:12:do_mmc_partconf	24	static
mmc.c:628:12:do_mmc_boot_resize	24	static
mmc.c:602:12:do_mmc_bootbus	24	static
mmc.c:518:12:do_mmc_hwpartition	96	static
mmc.c:442:12:do_mmc_list	8	static
mmc.c:401:12:do_mmc_dev	24	static
mmc.c:283:12:do_mmc_read	24	static
mmc.c:341:12:do_mmc_erase	24	static
mmc.c:311:12:do_mmc_write	24	static
mmc.c:109:12:do_mmcinfo	40	static
mmc.c:747:12:do_mmc_setdsr	16	static
mmc.c:382:12:do_mmc_part	8	static
