fat.c:30:13:downcase	0	static
fat.c:45:12:disk_read	16	static
fat.c:162:14:get_fatent	24	static
fat.c:764:19:next_dent	16	static
fat.c:247:1:get_cluster	40	dynamic
fat.c:481:1:read_bootsectandvi	24	static
fat.c:662:12:fat_itr_root	128	static
fat.c:835:12:fat_itr_next	48	static
fat.c:908:12:fat_itr_resolve	40	static
fat.c:60:5:fat_set_blk_dev	24	dynamic
fat.c:89:5:fat_register_device	104	static
fat.c:963:5:file_fat_detectfs	120	static
fat.c:1025:5:fat_exists	56	static
fat.c:1045:5:fat_size	64	static
fat.c:1081:5:file_fat_read_at	104	static
fat.c:1109:5:file_fat_read	40	static
fat.c:1121:5:fat_read_file	48	static
fat.c:1140:5:fat_opendir	24	static
fat.c:1168:5:fat_readdir	16	static
fat.c:1191:6:fat_closedir	8	static
fat.c:1198:6:fat_close	0	static
