clock_slice.c:376:12:select	0	static
clock_slice.c:410:5:clock_set_src	16	static
clock_slice.c:435:5:clock_get_src	16	static
clock_slice.c:458:5:clock_set_prediv	16	static
clock_slice.c:490:5:clock_get_prediv	16	static
clock_slice.c:521:5:clock_set_postdiv	8	static
clock_slice.c:549:5:clock_get_postdiv	0	static
clock_slice.c:573:5:clock_set_autopostdiv	16	static
clock_slice.c:611:5:clock_get_autopostdiv	16	static
clock_slice.c:651:5:clock_get_target_val	0	static
clock_slice.c:661:5:clock_set_target_val	0	static
clock_slice.c:672:5:clock_root_cfg	24	static
clock_slice.c:725:5:clock_root_enabled	0	static
clock_slice.c:744:5:clock_enable	0	static
