pico-imx7d.c:294:6:do_enable_parallel_lcd	8	static
pico-imx7d.c:150:5:dram_init	8	static
pico-imx7d.c:325:5:board_video_skip	64	static
pico-imx7d.c:420:5:board_mmc_getcd	8	static
pico-imx7d.c:437:5:board_mmc_init	16	static
pico-imx7d.c:495:5:check_mmc_autodetect	8	static
pico-imx7d.c:507:6:board_late_mmc_init	8	static
pico-imx7d.c:528:5:board_eth_init	8	static
pico-imx7d.c:561:5:board_phy_config	24	static
pico-imx7d.c:593:5:board_early_init_f	8	static
pico-imx7d.c:609:5:board_init	8	static
pico-imx7d.c:646:5:power_init_board	24	static
pico-imx7d.c:690:5:board_late_init	8	static
pico-imx7d.c:711:5:get_board_rev	0	static
pico-imx7d.c:716:5:checkboard	8	static
pico-imx7d.c:726:5:ft_board_setup	0	static
pico-imx7d.c:732:5:board_usb_phy_mode	0	static
pico-imx7d.c:746:5:board_ehci_hcd_init	8	static
