Archive member included to satisfy reference by file (symbol)

arch/arm/lib/lib.a(lib1funcs.o)
                              arch/arm/mach-imx/built-in.o (__aeabi_uidiv)
arch/arm/lib/lib.a(div0.o)    arch/arm/lib/lib.a(lib1funcs.o) (__div0)

Discarded input sections

 .data          0x0000000000000000        0x0 arch/arm/cpu/armv7/start.o
 .bss           0x0000000000000000        0x0 arch/arm/cpu/armv7/start.o
 .text          0x0000000000000000      0x158 arch/arm/cpu/armv7/built-in.o
 .text.invalidate_icache_all
                0x0000000000000000       0x14 arch/arm/cpu/armv7/built-in.o
 .text.v7_outer_cache_enable
                0x0000000000000000        0x2 arch/arm/cpu/armv7/built-in.o
 .text.v7_outer_cache_disable
                0x0000000000000000        0x2 arch/arm/cpu/armv7/built-in.o
 .text.v7_outer_cache_flush_all
                0x0000000000000000        0x2 arch/arm/cpu/armv7/built-in.o
 .text.flush_dcache_all
                0x0000000000000000        0xe arch/arm/cpu/armv7/built-in.o
 .text.v7_outer_cache_inval_all
                0x0000000000000000        0x2 arch/arm/cpu/armv7/built-in.o
 .text.invalidate_dcache_all
                0x0000000000000000        0xe arch/arm/cpu/armv7/built-in.o
 .text.arm_init_before_mmu
                0x0000000000000000       0x22 arch/arm/cpu/armv7/built-in.o
 .text.mmu_page_table_flush
                0x0000000000000000       0x1e arch/arm/cpu/armv7/built-in.o
 .text.cpu_cache_initialization
                0x0000000000000000        0x2 arch/arm/cpu/armv7/built-in.o
 .text.cleanup_before_linux_select
                0x0000000000000000       0x38 arch/arm/cpu/armv7/built-in.o
 .text.cleanup_before_linux
                0x0000000000000000        0x6 arch/arm/cpu/armv7/built-in.o
 .text.v7_arch_cp15_set_l2aux_ctrl
                0x0000000000000000        0x6 arch/arm/cpu/armv7/built-in.o
 .text.v7_arch_cp15_set_acr
                0x0000000000000000        0x6 arch/arm/cpu/armv7/built-in.o
 .text.sdelay   0x0000000000000000        0x6 arch/arm/cpu/armv7/built-in.o
 .text.wait_on_value
                0x0000000000000000       0x1e arch/arm/cpu/armv7/built-in.o
 .text.s_init   0x0000000000000000        0x4 arch/arm/cpu/armv7/built-in.o
 ._secure.text  0x0000000000000000      0x3ec arch/arm/cpu/armv7/built-in.o
 .text.get_gicd_base_address
                0x0000000000000000       0x2c arch/arm/cpu/armv7/built-in.o
 .text.protect_secure_section
                0x0000000000000000        0x2 arch/arm/cpu/armv7/built-in.o
 .text.smp_kick_all_cpus
                0x0000000000000000       0x18 arch/arm/cpu/armv7/built-in.o
 .text.psci_board_init
                0x0000000000000000        0x2 arch/arm/cpu/armv7/built-in.o
 .text.armv7_init_nonsec
                0x0000000000000000       0xa0 arch/arm/cpu/armv7/built-in.o
 .text.armv7_apply_memory_carveout
                0x0000000000000000        0x4 arch/arm/cpu/armv7/built-in.o
 .text.psci_update_dt
                0x0000000000000000       0x16 arch/arm/cpu/armv7/built-in.o
 .rodata.armv7_init_nonsec.str1.1
                0x0000000000000000       0x2e arch/arm/cpu/armv7/built-in.o
 .rodata.get_gicd_base_address.str1.1
                0x0000000000000000       0x2e arch/arm/cpu/armv7/built-in.o
 .data          0x0000000000000000        0x0 arch/arm/cpu/armv7/built-in.o
 ._secure.data  0x0000000000000000       0x10 arch/arm/cpu/armv7/built-in.o
 .bss           0x0000000000000000        0x0 arch/arm/cpu/armv7/built-in.o
 .text.setjmp   0x0000000000000000       0x10 arch/arm/lib/built-in.o
 .text.longjmp  0x0000000000000000       0x1c arch/arm/lib/built-in.o
 .text.board_init_f
                0x0000000000000000        0x2 arch/arm/lib/built-in.o
 .text.bootz_setup
                0x0000000000000000       0x6c arch/arm/lib/built-in.o
 .text.arch_fixup_fdt
                0x0000000000000000       0x38 arch/arm/lib/built-in.o
 .text.arch_reserve_stacks
                0x0000000000000000       0x16 arch/arm/lib/built-in.o
 .text.interrupt_init
                0x0000000000000000       0x14 arch/arm/lib/built-in.o
 .text.enable_interrupts
                0x0000000000000000        0x2 arch/arm/lib/built-in.o
 .text.bad_mode
                0x0000000000000000        0xc arch/arm/lib/built-in.o
 .text.show_regs
                0x0000000000000000      0x108 arch/arm/lib/built-in.o
 .text.do_undefined_instruction
                0x0000000000000000       0x20 arch/arm/lib/built-in.o
 .text.do_software_interrupt
                0x0000000000000000       0x20 arch/arm/lib/built-in.o
 .text.do_prefetch_abort
                0x0000000000000000       0x20 arch/arm/lib/built-in.o
 .text.do_data_abort
                0x0000000000000000       0x20 arch/arm/lib/built-in.o
 .text.do_not_used
                0x0000000000000000       0x20 arch/arm/lib/built-in.o
 .text.do_fiq   0x0000000000000000       0x20 arch/arm/lib/built-in.o
 .text.do_irq   0x0000000000000000       0x20 arch/arm/lib/built-in.o
 .text.reset_misc
[...]
Memory Configuration

Name             Origin             Length             Attributes
*default*        0x0000000000000000 0xffffffffffffffff

Linker script and memory map

                0x0000000000000000                . = 0x0
                0x0000000000000000                . = ALIGN (0x4)

.text           0x0000000000911500     0x992c
                0x0000000000911500                __image_copy_start = .
 *(.vectors)
 .vectors       0x0000000000911500       0x44 arch/arm/lib/built-in.o
                0x0000000000911500                _start
                0x0000000000911520                _undefined_instruction
                0x0000000000911524                _software_interrupt
                0x0000000000911528                _prefetch_abort
                0x000000000091152c                _data_abort
                0x0000000000911530                _not_used
                0x0000000000911534                _irq
                0x0000000000911538                _fiq
 arch/arm/cpu/armv7/start.o(.text*)
 .text          0x0000000000911544       0xb0 arch/arm/cpu/armv7/start.o
                0x0000000000911544                reset
                0x0000000000911548                save_boot_params_ret
                0x0000000000911584                c_runtime_cpu_setup
                0x0000000000911594                save_boot_params
                0x0000000000911598                cpu_init_cp15
                0x00000000009115ec                cpu_init_crit
 *(.text*)
 .text.v7_outer_cache_flush_range
                0x00000000009115f4        0x2 arch/arm/cpu/armv7/built-in.o
                0x00000000009115f4                v7_outer_cache_flush_range
 .text.flush_dcache_range
                0x00000000009115f6       0x38 arch/arm/cpu/armv7/built-in.o
                0x00000000009115f6                flush_dcache_range
 .text.v7_outer_cache_inval_range
                0x000000000091162e        0x2 arch/arm/cpu/armv7/built-in.o
                0x000000000091162e                v7_outer_cache_inval_range
 .text.invalidate_dcache_range
                0x0000000000911630       0x42 arch/arm/cpu/armv7/built-in.o
                0x0000000000911630                invalidate_dcache_range
 *fill*         0x0000000000911672        0x2 
 .text.lowlevel_init
                0x0000000000911674       0x20 arch/arm/cpu/armv7/built-in.o
                0x0000000000911674                lowlevel_init
 *fill*         0x0000000000911694        0xc 
 .text          0x00000000009116a0      0x400 arch/arm/lib/built-in.o
                0x00000000009116a0                _main
                0x0000000000911720                memset
                0x00000000009117c0                memcpy
 .text.disable_interrupts
                0x0000000000911aa0        0x4 arch/arm/lib/built-in.o
                0x0000000000911aa0                disable_interrupts
 .text.do_reset
                0x0000000000911aa4       0x28 arch/arm/lib/built-in.o
                0x0000000000911aa4                do_reset
 .text.check_cache_range
                0x0000000000911acc       0x14 arch/arm/lib/built-in.o
                0x0000000000911acc                check_cache_range
 .text.imx_iomux_v3_setup_pad
                0x0000000000911ae0       0xb4 arch/arm/mach-imx/built-in.o
                0x0000000000911ae0                imx_iomux_v3_setup_pad
 .text.imx_iomux_v3_setup_multiple_pads
                0x0000000000911b94       0x1a arch/arm/mach-imx/built-in.o
                0x0000000000911b94                imx_iomux_v3_setup_multiple_pads
 .text.imx_sec_init
                0x0000000000911bae        0x4 arch/arm/mach-imx/built-in.o
                0x0000000000911bae                imx_sec_init
 *fill*         0x0000000000911bb2        0x2 
 .text.spl_boot_device
                0x0000000000911bb4       0x18 arch/arm/mach-imx/built-in.o
                0x0000000000911bb4                spl_boot_device
 .text.g_dnl_bind_fixup
                0x0000000000911bcc        0xc arch/arm/mach-imx/built-in.o
                0x0000000000911bcc                g_dnl_bind_fixup
 .text.g_dnl_get_board_bcd_device_number
                0x0000000000911bd8        0x6 arch/arm/mach-imx/built-in.o
                0x0000000000911bd8                g_dnl_get_board_bcd_device_number
 *fill*         0x0000000000911bde        0x2 
 .text.spl_boot_mode
                0x0000000000911be0       0x28 arch/arm/mach-imx/built-in.o
                0x0000000000911be0                spl_boot_mode
 .text.cpu_mmc_init
                0x0000000000911c08        0x4 arch/arm/mach-imx/built-in.o
                0x0000000000911c08                cpu_mmc_init
 .text.get_boot_device
                0x0000000000911c0c       0x44 arch/arm/mach-imx/built-in.o
                0x0000000000911c0c                get_boot_device
 .text.force_idle_bus
                0x0000000000911c50      0x14c arch/arm/mach-imx/built-in.o
                0x0000000000911c50                force_idle_bus
 .text.setup_i2c
                0x0000000000911d9c       0x94 arch/arm/mach-imx/built-in.o
                0x0000000000911d9c                setup_i2c
 .text.init_aips
                0x0000000000911e30       0xd4 arch/arm/mach-imx/built-in.o
                0x0000000000911e30                init_aips
 .text.imx_wdog_disable_powerdown
                0x0000000000911f04       0x78 arch/arm/mach-imx/built-in.o
                0x0000000000911f04                imx_wdog_disable_powerdown
 .text.imx_rdc_check_permission
                0x0000000000911f7c       0x2c arch/arm/mach-imx/built-in.o
                0x0000000000911f7c                imx_rdc_check_permission
 .text.imx_rdc_sema_lock
                0x0000000000911fa8       0x58 arch/arm/mach-imx/built-in.o
                0x0000000000911fa8                imx_rdc_sema_lock
 .text.imx_rdc_sema_unlock
                0x0000000000912000       0x5c arch/arm/mach-imx/built-in.o
                0x0000000000912000                imx_rdc_sema_unlock
 .text.timer_init
                0x000000000091205c       0x3c arch/arm/mach-imx/built-in.o
                0x000000000091205c                timer_init
 .text.get_ticks
                0x0000000000912098       0x12 arch/arm/mach-imx/built-in.o
                0x0000000000912098                get_ticks
 .text.get_timer_masked
                0x00000000009120aa       0x42 arch/arm/mach-imx/built-in.o
                0x00000000009120aa                get_timer_masked
 .text.get_timer
                0x00000000009120ec        0xc arch/arm/mach-imx/built-in.o
                0x00000000009120ec                get_timer
 .text.__udelay
                0x00000000009120f8       0x8c arch/arm/mach-imx/built-in.o
                0x00000000009120f8                __udelay
 .text.get_cpu_rev
                0x0000000000912184       0x30 arch/arm/mach-imx/built-in.o
                0x0000000000912184                get_cpu_rev
 .text.arch_cpu_init
                0x00000000009121b4      0x128 arch/arm/mach-imx/built-in.o
                0x00000000009121b4                arch_cpu_init
 .text.s_init   0x00000000009122dc        0x4 arch/arm/mach-imx/built-in.o
                0x00000000009122dc                s_init
 .text.reset_misc
                0x00000000009122e0        0x2 arch/arm/mach-imx/built-in.o
                0x00000000009122e0                reset_misc
 *fill*         0x00000000009122e2        0x2 
 .text.reset_cpu
                0x00000000009122e4       0x10 arch/arm/mach-imx/built-in.o
                0x00000000009122e4                reset_cpu
 .text.enable_usboh3_clk.part.0
                0x00000000009122f4       0x38 arch/arm/mach-imx/built-in.o
 .text.mxc_get_pll_ddr_derive
                0x000000000091232c       0x70 arch/arm/mach-imx/built-in.o
 .text.enable_usboh3_clk
                0x000000000091239c       0x32 arch/arm/mach-imx/built-in.o
                0x000000000091239c                enable_usboh3_clk
 *fill*         0x00000000009123ce        0x2 
 .text.get_root_clk
                0x00000000009123d0      0x2c8 arch/arm/mach-imx/built-in.o
                0x00000000009123d0                get_root_clk
 .text.get_ahb_clk
                0x0000000000912698        0x6 arch/arm/mach-imx/built-in.o
                0x0000000000912698                get_ahb_clk
 .text.imx_get_uartclk
                0x000000000091269e        0x6 arch/arm/mach-imx/built-in.o
                0x000000000091269e                imx_get_uartclk
 .text.mxc_get_clock
                0x00000000009126a4       0x8c arch/arm/mach-imx/built-in.o
                0x00000000009126a4                mxc_get_clock
 .text.enable_i2c_clk
                0x0000000000912730       0x3c arch/arm/mach-imx/built-in.o
                0x0000000000912730                enable_i2c_clk
 .text.clock_init
                0x000000000091276c      0x218 arch/arm/mach-imx/built-in.o
                0x000000000091276c                clock_init
 .text.select   0x0000000000912984       0x20 arch/arm/mach-imx/built-in.o
 .text.clock_get_src
                0x00000000009129a4       0x40 arch/arm/mach-imx/built-in.o
                0x00000000009129a4                clock_get_src
 .text.clock_get_prediv
                0x00000000009129e4       0x4c arch/arm/mach-imx/built-in.o
                0x00000000009129e4                clock_get_prediv
 .text.clock_get_postdiv
                0x0000000000912a30       0x3c arch/arm/mach-imx/built-in.o
                0x0000000000912a30                clock_get_postdiv
 .text.clock_get_autopostdiv
                0x0000000000912a6c       0x58 arch/arm/mach-imx/built-in.o
                0x0000000000912a6c                clock_get_autopostdiv
 .text.clock_set_target_val
                0x0000000000912ac4       0x20 arch/arm/mach-imx/built-in.o
                0x0000000000912ac4                clock_set_target_val
 .text.clock_root_enabled
                0x0000000000912ae4       0x2c arch/arm/mach-imx/built-in.o
                0x0000000000912ae4                clock_root_enabled
 .text.clock_enable
                0x0000000000912b10       0x30 arch/arm/mach-imx/built-in.o
                0x0000000000912b10                clock_enable
 .text.board_mmc_getcd
                0x0000000000912b40       0x30 board/technexion/pico-imx7d/built-in.o
                0x0000000000912b40                board_mmc_getcd
 .text.board_mmc_init
                0x0000000000912b70       0xb8 board/technexion/pico-imx7d/built-in.o
                0x0000000000912b70                board_mmc_init
 .text.board_early_init_f
                0x0000000000912c28       0x48 board/technexion/pico-imx7d/built-in.o
                0x0000000000912c28                board_early_init_f
 .text.board_usb_phy_mode
                0x0000000000912c70        0x4 board/technexion/pico-imx7d/built-in.o
                0x0000000000912c70                board_usb_phy_mode
 .text.board_ehci_hcd_init
                0x0000000000912c74       0x3c board/technexion/pico-imx7d/built-in.o
                0x0000000000912c74                board_ehci_hcd_init
 .text.board_init_f
                0x0000000000912cb0      0x93c board/technexion/pico-imx7d/built-in.o
                0x0000000000912cb0                board_init_f
 .text.show_boot_progress
                0x00000000009135ec        0x2 common/spl/built-in.o
                0x00000000009135ec                show_boot_progress
 .text.spl_board_prepare_for_boot
                0x00000000009135ee        0x2 common/spl/built-in.o
                0x00000000009135ee                spl_board_prepare_for_boot
 .text.spl_set_header_raw_uboot
                0x00000000009135f0       0x20 common/spl/built-in.o
                0x00000000009135f0                spl_set_header_raw_uboot
 .text.spl_parse_image_header
                0x0000000000913610       0x50 common/spl/built-in.o
                0x0000000000913610                spl_parse_image_header
 .text.jump_to_image_no_args
                0x0000000000913660        0x6 common/spl/built-in.o
                0x0000000000913660                jump_to_image_no_args
 *fill*         0x0000000000913666        0x2 
 .text.spl_set_bd
                0x0000000000913668       0x14 common/spl/built-in.o
                0x0000000000913668                spl_set_bd
 .text.spl_init
                0x000000000091367c       0x2e common/spl/built-in.o
                0x000000000091367c                spl_init
 .text.board_boot_order
                0x00000000009136aa        0xc common/spl/built-in.o
                0x00000000009136aa                board_boot_order
 *fill*         0x00000000009136b6        0x2 
 .text.board_init_r
                0x00000000009136b8       0xd4 common/spl/built-in.o
                0x00000000009136b8                board_init_r
 .text.preloader_console_init
                0x000000000091378c       0x24 common/spl/built-in.o
                0x000000000091378c                preloader_console_init
 .text.spl_relocate_stack_gd
                0x00000000009137b0        0x4 common/spl/built-in.o
                0x00000000009137b0                spl_relocate_stack_gd
 .text.spl_mmc_load_image
                0x00000000009137b4       0xd8 common/spl/built-in.o
                0x00000000009137b4                spl_mmc_load_image
 .text.spl_load_image_fat
                0x000000000091388c       0x84 common/spl/built-in.o
                0x000000000091388c                spl_load_image_fat
 .text.spl_sdp_load_image
                0x0000000000913910       0x48 common/spl/built-in.o
 .text.board_sdp_cleanup
                0x0000000000913958        0x8 common/spl/built-in.o
                0x0000000000913958                board_sdp_cleanup
 .text.board_init_f_alloc_reserve
                0x0000000000913960        0xa common/init/built-in.o
                0x0000000000913960                board_init_f_alloc_reserve
 .text.board_init_f_init_reserve
                0x000000000091396a       0x18 common/init/built-in.o
                0x000000000091396a                board_init_f_init_reserve
 *fill*         0x0000000000913982        0x2 
 .text.fgetc    0x0000000000913984       0x18 common/built-in.o
                0x0000000000913984                fgetc
 .text.getc     0x000000000091399c       0x1a common/built-in.o
                0x000000000091399c                getc
 *fill*         0x00000000009139b6        0x2 
 .text.ftstc    0x00000000009139b8       0x18 common/built-in.o
                0x00000000009139b8                ftstc
 .text.tstc     0x00000000009139d0       0x1a common/built-in.o
                0x00000000009139d0                tstc
 *fill*         0x00000000009139ea        0x2 
 .text.fputc    0x00000000009139ec       0x14 common/built-in.o
                0x00000000009139ec                fputc
 .text.putc     0x0000000000913a00       0x1c common/built-in.o
                0x0000000000913a00                putc
 .text.fputs    0x0000000000913a1c       0x14 common/built-in.o
                0x0000000000913a1c                fputs
 .text.puts     0x0000000000913a30       0x1c common/built-in.o
                0x0000000000913a30                puts
 .text.ctrlc    0x0000000000913a4c       0x38 common/built-in.o
                0x0000000000913a4c                ctrlc
 .text.sbrk     0x0000000000913a84       0x40 common/built-in.o
                0x0000000000913a84                sbrk
 .text.mem_malloc_init
                0x0000000000913ac4       0x28 common/built-in.o
                0x0000000000913ac4                mem_malloc_init
 .text.malloc_trim
                0x0000000000913aec       0x84 common/built-in.o
                0x0000000000913aec                malloc_trim
 .text.free     0x0000000000913b70      0x164 common/built-in.o
                0x0000000000913b70                free
 .text.malloc   0x0000000000913cd4      0x41c common/built-in.o
                0x0000000000913cd4                malloc
 .text.calloc   0x00000000009140f0       0xb8 common/built-in.o
                0x00000000009140f0                calloc
 .text.memalign
                0x00000000009141a8      0x10a common/built-in.o
                0x00000000009141a8                memalign
 .text.malloc_simple
                0x00000000009142b2       0x28 common/built-in.o
                0x00000000009142b2                malloc_simple
 .text.__div64_32
                0x00000000009142da       0x7e lib/built-in.o
                0x00000000009142da                __div64_32
 .text.hang     0x0000000000914358       0x18 lib/built-in.o
                0x0000000000914358                hang
 .text.strncasecmp
                0x0000000000914370       0x44 lib/built-in.o
                0x0000000000914370                strncasecmp
 .text.strcpy   0x00000000009143b4       0x10 lib/built-in.o
                0x00000000009143b4                strcpy
 .text.strcmp   0x00000000009143c4       0x16 lib/built-in.o
                0x00000000009143c4                strcmp
 .text.strncmp  0x00000000009143da       0x22 lib/built-in.o
                0x00000000009143da                strncmp
 .text.strlen   0x00000000009143fc       0x10 lib/built-in.o
                0x00000000009143fc                strlen
 .text.strrchr  0x000000000091440c       0x20 lib/built-in.o
                0x000000000091440c                strrchr
 .text.strnlen  0x000000000091442c       0x18 lib/built-in.o
                0x000000000091442c                strnlen
 .text.memmove  0x0000000000914444       0x26 lib/built-in.o
                0x0000000000914444                memmove
 .text.memcmp   0x000000000091446a       0x1a lib/built-in.o
                0x000000000091446a                memcmp
 .text.udelay   0x0000000000914484       0x20 lib/built-in.o
                0x0000000000914484                udelay
 .text.uuid_bin_to_str
                0x00000000009144a4       0x78 lib/built-in.o
                0x00000000009144a4                uuid_bin_to_str
 .text.put_dec_trunc
                0x000000000091451c       0x96 lib/built-in.o
 *fill*         0x00000000009145b2        0x6 
 .text.put_dec  0x00000000009145b8      0x130 lib/built-in.o
 .text.number   0x00000000009146e8      0x204 lib/built-in.o
 .text.string   0x00000000009148ec       0x78 lib/built-in.o
 .text.vsnprintf_internal
                0x0000000000914964      0x474 lib/built-in.o
 .text.vscnprintf
                0x0000000000914dd8       0x16 lib/built-in.o
                0x0000000000914dd8                vscnprintf
 .text.snprintf
                0x0000000000914dee       0x1a lib/built-in.o
                0x0000000000914dee                snprintf
 .text.vsprintf
                0x0000000000914e08        0xc lib/built-in.o
                0x0000000000914e08                vsprintf
 .text.sprintf  0x0000000000914e14       0x1a lib/built-in.o
                0x0000000000914e14                sprintf
 .text.printf   0x0000000000914e2e       0x34 lib/built-in.o
                0x0000000000914e2e                printf
 .text.vprintf  0x0000000000914e62       0x26 lib/built-in.o
                0x0000000000914e62                vprintf
 .text.panic_finish
                0x0000000000914e88       0x20 lib/built-in.o
 .text.panic    0x0000000000914ea8       0x14 lib/built-in.o
                0x0000000000914ea8                panic
 .text._parse_integer_fixup_radix
                0x0000000000914ebc       0x5c lib/built-in.o
 .text.simple_strtoul
                0x0000000000914f18       0x50 lib/built-in.o
                0x0000000000914f18                simple_strtoul
 .text.part_init
                0x0000000000914f68       0x2c disk/built-in.o
                0x0000000000914f68                part_init
 .text.part_get_info
                0x0000000000914f94       0x3c disk/built-in.o
                0x0000000000914f94                part_get_info
 .text.part_set_generic_name
                0x0000000000914fd0       0x34 disk/built-in.o
                0x0000000000914fd0                part_set_generic_name
 .text.test_block_type
                0x0000000000915004       0x4c disk/built-in.o
 .text.part_test_dos
                0x0000000000915050       0x40 disk/built-in.o
 .text.part_get_info_extended.constprop.1
                0x0000000000915090      0x198 disk/built-in.o
 .text.part_get_info_dos
                0x0000000000915228       0x16 disk/built-in.o
                0x0000000000915228                part_get_info_dos
 *fill*         0x000000000091523e        0x2 
 .text.wait_for_sr_state
                0x0000000000915240       0xc4 drivers/built-in.o
 .text.tx_byte  0x0000000000915304       0x3e drivers/built-in.o
 *fill*         0x0000000000915342        0x2 
 .text.bus_i2c_set_bus_speed
                0x0000000000915344       0x7c drivers/built-in.o
 .text.mxc_i2c_set_bus_speed
                0x00000000009153c0       0x14 drivers/built-in.o
 .text.i2c_imx_stop
                0x00000000009153d4       0x44 drivers/built-in.o
 .text.__i2c_force_reset_slave
                0x0000000000915418        0x2 drivers/built-in.o
                0x0000000000915418                __i2c_force_reset_slave
                0x0000000000915418                i2c_force_reset_slave
 .text.i2c_idle_bus
                0x000000000091541a        0xe drivers/built-in.o
                0x000000000091541a                i2c_idle_bus
 .text.i2c_init_transfer
                0x0000000000915428      0x184 drivers/built-in.o
 .text.mxc_i2c_probe
                0x00000000009155ac       0x28 drivers/built-in.o
 .text.mxc_i2c_read
                0x00000000009155d4      0x144 drivers/built-in.o
 .text.mxc_i2c_write
                0x0000000000915718       0x40 drivers/built-in.o
 .text.bus_i2c_init
                0x0000000000915758       0x48 drivers/built-in.o
                0x0000000000915758                bus_i2c_init
 .text.mxc_i2c_init
                0x00000000009157a0       0x12 drivers/built-in.o
 .text.mmc_set_ios
                0x00000000009157b2        0xe drivers/built-in.o
 .text.mmc_set_capacity
                0x00000000009157c0       0x6c drivers/built-in.o
 .text.mmc_send_cmd
                0x000000000091582c        0x8 drivers/built-in.o
                0x000000000091582c                mmc_send_cmd
 .text.mmc_go_idle
                0x0000000000915834       0x32 drivers/built-in.o
 *fill*         0x0000000000915866        0x2 
 .text.mmc_send_op_cond_iter
                0x0000000000915868       0x44 drivers/built-in.o
 .text.mmc_send_ext_csd
                0x00000000009158ac       0x2e drivers/built-in.o
 *fill*         0x00000000009158da        0x2 
 .text.mmc_read_and_compare_ext_csd
                0x00000000009158dc       0x78 drivers/built-in.o
 .text.mmc_send_status
                0x0000000000915954       0x84 drivers/built-in.o
                0x0000000000915954                mmc_send_status
 .text.__mmc_switch.isra.5.constprop.14
                0x00000000009159d8       0x3e drivers/built-in.o
 *fill*         0x0000000000915a16        0x2 
 .text.mmc_set_card_speed.constprop.13
                0x0000000000915a18       0x68 drivers/built-in.o
 .text.mmc_startup_v4
                0x0000000000915a80      0x1e0 drivers/built-in.o
 .text.mmc_set_blocklen
                0x0000000000915c60       0x42 drivers/built-in.o
                0x0000000000915c60                mmc_set_blocklen
 *fill*         0x0000000000915ca2        0x2 
 .text.mmc_bread
                0x0000000000915ca4       0xe0 drivers/built-in.o
                0x0000000000915ca4                mmc_bread
 .text.mmc_switch
                0x0000000000915d84        0x8 drivers/built-in.o
                0x0000000000915d84                mmc_switch
 .text.mmc_switch_part
                0x0000000000915d8c       0x3e drivers/built-in.o
                0x0000000000915d8c                mmc_switch_part
 .text.mmc_getcd
                0x0000000000915dca       0x20 drivers/built-in.o
                0x0000000000915dca                mmc_getcd
 .text.sd_select_bus_width
                0x0000000000915dea       0x5c drivers/built-in.o
                0x0000000000915dea                sd_select_bus_width
 .text.mmc_set_clock
                0x0000000000915e46       0x20 drivers/built-in.o
                0x0000000000915e46                mmc_set_clock
 *fill*         0x0000000000915e66        0x2 
 .text.mmc_startup
                0x0000000000915e68      0x780 drivers/built-in.o
 .text.board_mmc_power_init
                0x00000000009165e8        0x2 drivers/built-in.o
                0x00000000009165e8                board_mmc_power_init
 *fill*         0x00000000009165ea        0x2 
 .text.mmc_start_init
                0x00000000009165ec      0x1bc drivers/built-in.o
                0x00000000009165ec                mmc_start_init
 .text.mmc_init
                0x00000000009167a8       0x9c drivers/built-in.o
                0x00000000009167a8                mmc_init
 .text.mmc_initialize
                0x0000000000916844       0x30 drivers/built-in.o
                0x0000000000916844                mmc_initialize
 .text.mmc_berase
                0x0000000000916874        0x4 drivers/built-in.o
 .text.mmc_bwrite
                0x0000000000916878        0x4 drivers/built-in.o
 .text.find_mmc_device
                0x000000000091687c       0x30 drivers/built-in.o
                0x000000000091687c                find_mmc_device
 .text.mmc_select_hwpartp
                0x00000000009168ac       0x36 drivers/built-in.o
 .text.mmc_get_dev
                0x00000000009168e2       0x1e drivers/built-in.o
 .text.mmc_get_next_devnum
                0x0000000000916900       0x10 drivers/built-in.o
                0x0000000000916900                mmc_get_next_devnum
 .text.mmc_get_blk_desc
                0x0000000000916910        0x4 drivers/built-in.o
                0x0000000000916910                mmc_get_blk_desc
 .text.mmc_do_preinit
                0x0000000000916914       0x20 drivers/built-in.o
                0x0000000000916914                mmc_do_preinit
 .text.mmc_list_init
                0x0000000000916934       0x18 drivers/built-in.o
                0x0000000000916934                mmc_list_init
 .text.mmc_list_add
                0x000000000091694c       0x14 drivers/built-in.o
                0x000000000091694c                mmc_list_add
 .text.mmc_create
                0x0000000000916960       0x80 drivers/built-in.o
                0x0000000000916960                mmc_create
 .text.esdhc_set_ios
                0x00000000009169e0       0xfc drivers/built-in.o
 .text.esdhc_init
                0x0000000000916adc       0x8c drivers/built-in.o
 .text.esdhc_getcd
                0x0000000000916b68       0x28 drivers/built-in.o
 .text.check_and_invalidate_dcache_range.isra.2
                0x0000000000916b90       0x22 drivers/built-in.o
 *fill*         0x0000000000916bb2        0x2 
 .text.esdhc_send_cmd
                0x0000000000916bb4      0x308 drivers/built-in.o
 .text.fsl_esdhc_initialize
                0x0000000000916ebc      0x1a0 drivers/built-in.o
                0x0000000000916ebc                fsl_esdhc_initialize
 .text.fsl_esdhc_mmc_init
                0x000000000091705c       0x22 drivers/built-in.o
                0x000000000091705c                fsl_esdhc_mmc_init
 *fill*         0x000000000091707e        0x2 
 .text.get_current
                0x0000000000917080       0x2c drivers/built-in.o
 .text.serial_init
                0x00000000009170ac       0x1a drivers/built-in.o
                0x00000000009170ac                serial_init
 .text.serial_setbrg
                0x00000000009170c6        0xe drivers/built-in.o
                0x00000000009170c6                serial_setbrg
 .text.serial_getc
                0x00000000009170d4        0xe drivers/built-in.o
                0x00000000009170d4                serial_getc
 .text.serial_tstc
                0x00000000009170e2        0xe drivers/built-in.o
                0x00000000009170e2                serial_tstc
 .text.serial_putc
                0x00000000009170f0       0x12 drivers/built-in.o
                0x00000000009170f0                serial_putc
 .text.serial_puts
                0x0000000000917102       0x12 drivers/built-in.o
                0x0000000000917102                serial_puts
 .text.default_serial_puts
                0x0000000000917114       0x1a drivers/built-in.o
                0x0000000000917114                default_serial_puts
 *fill*         0x000000000091712e        0x2 
 .text.mxc_serial_getc
                0x0000000000917130       0x20 drivers/built-in.o
 .text.mxc_serial_putc
                0x0000000000917150       0x2c drivers/built-in.o
 .text.mxc_serial_tstc
                0x000000000091717c       0x50 drivers/built-in.o
 .text.mxc_serial_setbrg
                0x00000000009171cc       0x5c drivers/built-in.o
 .text.mxc_serial_init
                0x0000000000917228       0x64 drivers/built-in.o
 .text.default_serial_console
                0x000000000091728c        0x8 drivers/built-in.o
                0x000000000091728c                default_serial_console
 .text.do_job   0x0000000000917294       0x84 drivers/built-in.o
 .text.jr_reset
                0x0000000000917318       0x68 drivers/built-in.o
 .text.caam_open
                0x0000000000917380      0x2cc drivers/built-in.o
                0x0000000000917380                caam_open
 .text.mxc_gpio_direction
                0x000000000091764c       0x68 drivers/built-in.o
 .text.gpio_set_value
                0x00000000009176b4       0x68 drivers/built-in.o
                0x00000000009176b4                gpio_set_value
 .text.gpio_get_value
                0x000000000091771c       0x50 drivers/built-in.o
                0x000000000091771c                gpio_get_value
 .text.gpio_request
                0x000000000091776c       0x28 drivers/built-in.o
                0x000000000091776c                gpio_request
 .text.gpio_free
                0x0000000000917794        0x4 drivers/built-in.o
                0x0000000000917794                gpio_free
 .text.gpio_direction_input
                0x0000000000917798        0x6 drivers/built-in.o
                0x0000000000917798                gpio_direction_input
 .text.gpio_direction_output
                0x000000000091779e       0x1a drivers/built-in.o
                0x000000000091779e                gpio_direction_output
 .text.usb_ep_autoconfig
                0x00000000009177b8      0x12c drivers/built-in.o
                0x00000000009177b8                usb_ep_autoconfig
 .text.usb_ep_autoconfig_reset
                0x00000000009178e4       0x28 drivers/built-in.o
                0x00000000009178e4                usb_ep_autoconfig_reset
 .text.usb_descriptor_fillbuf
                0x000000000091790c       0x36 drivers/built-in.o
                0x000000000091790c                usb_descriptor_fillbuf
 .text.usb_gadget_get_string
                0x0000000000917942       0xe2 drivers/built-in.o
                0x0000000000917942                usb_gadget_get_string
 .text.count_configs
                0x0000000000917a24       0x58 drivers/built-in.o
 .text.collect_langs
                0x0000000000917a7c       0x2a drivers/built-in.o
 .text.composite_setup_complete
                0x0000000000917aa6        0x2 drivers/built-in.o
 .text.count_ext_prop
                0x0000000000917aa8       0x32 drivers/built-in.o
 .text.len_ext_prop
                0x0000000000917ada       0x3a drivers/built-in.o
 .text.composite_suspend
                0x0000000000917b14       0x44 drivers/built-in.o
 .text.composite_resume
                0x0000000000917b58       0x44 drivers/built-in.o
 .text.g_dnl_unbind
                0x0000000000917b9c       0x12 drivers/built-in.o
 .text.lookup_string
                0x0000000000917bae       0x2a drivers/built-in.o
 .text.composite_unbind
                0x0000000000917bd8       0xb4 drivers/built-in.o
 .text.composite_bind
                0x0000000000917c8c      0x148 drivers/built-in.o
 .text.g_dnl_do_config
                0x0000000000917dd4       0x30 drivers/built-in.o
 .text.reset_config.isra.0
                0x0000000000917e04       0x2c drivers/built-in.o
 .text.composite_disconnect
                0x0000000000917e30       0x28 drivers/built-in.o
 .text.count_ext_compat
                0x0000000000917e58       0x6c drivers/built-in.o
 .text.composite_setup
                0x0000000000917ec4      0xa6c drivers/built-in.o
 .text.usb_add_function
                0x0000000000918930       0x88 drivers/built-in.o
                0x0000000000918930                usb_add_function
 .text.usb_interface_id
                0x00000000009189b8       0x20 drivers/built-in.o
                0x00000000009189b8                usb_interface_id
 .text.usb_add_config
                0x00000000009189d8       0xa6 drivers/built-in.o
                0x00000000009189d8                usb_add_config
 .text.usb_string_id
                0x0000000000918a7e       0x1a drivers/built-in.o
                0x0000000000918a7e                usb_string_id
 .text.usb_composite_register
                0x0000000000918a98       0x3c drivers/built-in.o
                0x0000000000918a98                usb_composite_register
 .text.board_usb_init
                0x0000000000918ad4        0x4 drivers/built-in.o
                0x0000000000918ad4                board_usb_init
 .text.board_usb_cleanup
                0x0000000000918ad8        0x4 drivers/built-in.o
                0x0000000000918ad8                board_usb_cleanup
 .text.g_dnl_bind
                0x0000000000918adc       0xf0 drivers/built-in.o
 .text.g_dnl_clear_detach
                0x0000000000918bcc        0xc drivers/built-in.o
                0x0000000000918bcc                g_dnl_clear_detach
 .text.g_dnl_register
                0x0000000000918bd8       0x2c drivers/built-in.o
                0x0000000000918bd8                g_dnl_register
 .text.sdp_get_alt
                0x0000000000918c04        0x6 drivers/built-in.o
 *fill*         0x0000000000918c0a        0x2 
 .text.sdp_tx_complete
                0x0000000000918c0c       0x54 drivers/built-in.o
 .text.sdp_setup
                0x0000000000918c60       0xa0 drivers/built-in.o
 .text.sdp_rx_data_complete
                0x0000000000918d00       0x78 drivers/built-in.o
 .text.sdp_add  0x0000000000918d78       0xa8 drivers/built-in.o
                0x0000000000918d78                sdp_add
 .text.sdp_rx_command_complete
                0x0000000000918e20      0x18c drivers/built-in.o
 .text.sdp_disable
                0x0000000000918fac       0x1a drivers/built-in.o
 *fill*         0x0000000000918fc6        0x2 
 .text.sdp_unbind
                0x0000000000918fc8       0x14 drivers/built-in.o
 .text.sdp_bind
                0x0000000000918fdc       0x44 drivers/built-in.o
 .text.sdp_set_alt
                0x0000000000919020       0x84 drivers/built-in.o
 .text.sdp_init
                0x00000000009190a4       0x3c drivers/built-in.o
                0x00000000009190a4                sdp_init
 .text.sdp_handle
                0x00000000009190e0      0x16c drivers/built-in.o
                0x00000000009190e0                sdp_handle
 .text.ci_ep_disable
                0x000000000091924c        0xa drivers/built-in.o
 .text.ci_ep_dequeue
                0x0000000000919256       0x4e drivers/built-in.o
 .text.ci_ep_free_request
                0x00000000009192a4       0x30 drivers/built-in.o
 .text.ci_ep_alloc_request
                0x00000000009192d4       0x40 drivers/built-in.o
 .text.ci_flush_qtd
                0x0000000000919314       0x14 drivers/built-in.o
 .text.ci_flush_qh
                0x0000000000919328       0x14 drivers/built-in.o
 .text.stop_activity
                0x000000000091933c       0x78 drivers/built-in.o
 .text.ep_enable
                0x00000000009193b4       0x44 drivers/built-in.o
 .text.ci_ep_enable
                0x00000000009193f8       0x44 drivers/built-in.o
 .text.ci_ep_submit_next_request
                0x000000000091943c      0x12c drivers/built-in.o
 .text.ci_ep_queue
                0x0000000000919568       0xb4 drivers/built-in.o
 .text.udc_irq  0x000000000091961c      0x370 drivers/built-in.o
                0x000000000091961c                udc_irq
 .text.usb_gadget_handle_interrupts
                0x000000000091998c       0x1c drivers/built-in.o
                0x000000000091998c                usb_gadget_handle_interrupts
 .text.udc_disconnect
                0x00000000009199a8       0x34 drivers/built-in.o
                0x00000000009199a8                udc_disconnect
 .text.ci_pullup
                0x00000000009199dc       0x50 drivers/built-in.o
 .text.usb_gadget_register_driver
                0x0000000000919a2c      0x22c drivers/built-in.o
                0x0000000000919a2c                usb_gadget_register_driver
 .text.ehci_get_port_speed
                0x0000000000919c58        0x6 drivers/built-in.o
 .text.ehci_set_usbmode
                0x0000000000919c5e       0x18 drivers/built-in.o
 .text.ehci_get_portsc_register
                0x0000000000919c76       0x1c drivers/built-in.o
 .text.ehci_powerup_fixup
                0x0000000000919c92       0x14 drivers/built-in.o
 .text.handshake
                0x0000000000919ca6       0x32 drivers/built-in.o
 .text.ehci_set_controller_priv
                0x0000000000919cd8       0xa4 drivers/built-in.o
                0x0000000000919cd8                ehci_set_controller_priv
 .text.usb_lowlevel_init
                0x0000000000919d7c      0x270 drivers/built-in.o
                0x0000000000919d7c                usb_lowlevel_init
 .text.ehci_mx6_powerup_fixup
                0x0000000000919fec       0x38 drivers/built-in.o
 .text.board_ehci_power
                0x000000000091a024        0x4 drivers/built-in.o
                0x000000000091a024                board_ehci_power
 .text.ehci_mx6_common_init
                0x000000000091a028       0x6e drivers/built-in.o
                0x000000000091a028                ehci_mx6_common_init
 *fill*         0x000000000091a096        0x2 
 .text.ehci_hcd_init
                0x000000000091a098       0xc4 drivers/built-in.o
                0x000000000091a098                ehci_hcd_init
 .text.blk_driver_lookup_type
                0x000000000091a15c       0x20 drivers/built-in.o
                0x000000000091a15c                blk_driver_lookup_type
 .text.blk_dselect_hwpart
                0x000000000091a17c       0x26 drivers/built-in.o
                0x000000000091a17c                blk_dselect_hwpart
 *fill*         0x000000000091a1a2        0x2 
 .text.downcase
                0x000000000091a1a4       0x24 fs/built-in.o
 .text.disk_read
                0x000000000091a1c8       0x30 fs/built-in.o
 .text.get_fatent
                0x000000000091a1f8       0xd8 fs/built-in.o
 .text.next_dent
                0x000000000091a2d0       0xac fs/built-in.o
 .text.get_cluster
                0x000000000091a37c       0xf4 fs/built-in.o
 .text.read_bootsectandvi
                0x000000000091a470       0xbc fs/built-in.o
 .text.fat_itr_root
                0x000000000091a52c       0xec fs/built-in.o
 .text.fat_itr_next
                0x000000000091a618      0x1ac fs/built-in.o
 .text.fat_itr_resolve
                0x000000000091a7c4       0xe4 fs/built-in.o
 .text.fat_set_blk_dev
                0x000000000091a8a8       0x8c fs/built-in.o
                0x000000000091a8a8                fat_set_blk_dev
 .text.fat_register_device
                0x000000000091a934       0x50 fs/built-in.o
                0x000000000091a934                fat_register_device
 .text.file_fat_read_at
                0x000000000091a984      0x2d8 fs/built-in.o
                0x000000000091a984                file_fat_read_at
 .text.file_fat_read
                0x000000000091ac5c       0x22 fs/built-in.o
                0x000000000091ac5c                file_fat_read
 *fill*         0x000000000091ac7e        0x2 
 .text.__udivsi3
                0x000000000091ac80       0x9c arch/arm/lib/lib.a(lib1funcs.o)
                0x000000000091ac80                __udivsi3
                0x000000000091ac80                __aeabi_uidiv
 .text.__divsi3
                0x000000000091ad1c       0xcc arch/arm/lib/lib.a(lib1funcs.o)
                0x000000000091ad1c                __aeabi_idiv
                0x000000000091ad1c                __divsi3
 .text.__aeabi_uidivmod
                0x000000000091ade8       0x30 arch/arm/lib/lib.a(lib1funcs.o)
                0x000000000091ade8                __aeabi_uidivmod
                0x000000000091ae00                __aeabi_idivmod
 .text.Ldiv0    0x000000000091ae18       0x10 arch/arm/lib/lib.a(lib1funcs.o)
 .text.__div0   0x000000000091ae28        0x4 arch/arm/lib/lib.a(div0.o)
                0x000000000091ae28                __div0

.glue_7         0x000000000091ae2c        0x0
 .glue_7        0x000000000091ae2c        0x0 linker stubs

.glue_7t        0x000000000091ae2c        0x0
 .glue_7t       0x000000000091ae2c        0x0 linker stubs

.vfp11_veneer   0x000000000091ae2c        0x0
 .vfp11_veneer  0x000000000091ae2c        0x0 linker stubs

.v4_bx          0x000000000091ae2c        0x0
 .v4_bx         0x000000000091ae2c        0x0 linker stubs

.iplt           0x000000000091ae2c        0x0
 .iplt          0x000000000091ae2c        0x0 arch/arm/cpu/armv7/start.o
                0x000000000091ae2c                . = ALIGN (0x4)

.rodata         0x000000000091ae30     0x1a25
 *(SORT_BY_ALIGNMENT(SORT_BY_NAME(.rodata*)))
 .rodata.ddr_type_detection_pads
                0x000000000091ae30       0x20 board/technexion/pico-imx7d/built-in.o
 .rodata.uart5_pads
                0x000000000091ae50       0x10 board/technexion/pico-imx7d/built-in.o
 .rodata.usb_otg1_pads
                0x000000000091ae60        0x8 board/technexion/pico-imx7d/built-in.o
                0x000000000091ae60                usb_otg1_pads
 .rodata.usb_otg2_pads
                0x000000000091ae68        0x8 board/technexion/pico-imx7d/built-in.o
                0x000000000091ae68                usb_otg2_pads
 .rodata.usdhc1_pads
                0x000000000091ae70       0x38 board/technexion/pico-imx7d/built-in.o
 .rodata.usdhc3_emmc_pads
                0x000000000091aea8       0x58 board/technexion/pico-imx7d/built-in.o
 .rodata        0x000000000091af00       0x14 common/spl/built-in.o
 .rodata        0x000000000091af14       0x47 drivers/built-in.o
 *fill*         0x000000000091af5b        0x1 
 .rodata.CSWTCH.40
                0x000000000091af5c       0x20 disk/built-in.o
 .rodata.ci_ep_init
                0x000000000091af7c       0xb4 drivers/built-in.o
 .rodata.esdhc_ops
                0x000000000091b030       0x14 drivers/built-in.o
 .rodata.ext_csd_bus_width
                0x000000000091b044       0x3c drivers/built-in.o
 .rodata.fbase  0x000000000091b080       0x10 drivers/built-in.o
 .rodata.freqs.10202
                0x000000000091b090       0x38 drivers/built-in.o
 .rodata.gpio_ports
                0x000000000091b0c8       0x1c drivers/built-in.o
 .rodata.gpio_rdc
                0x000000000091b0e4       0x1c drivers/built-in.o
 .rodata.imx7_thermal_plat
                0x000000000091b100        0xc arch/arm/mach-imx/built-in.o
 .rodata.mmc_modes_by_pref
                0x000000000091b10c       0x20 drivers/built-in.o
 .rodata.mmc_versions.10511
                0x000000000091b12c       0x24 drivers/built-in.o
 .rodata.mx6_ehci_ops
                0x000000000091b150       0x14 drivers/built-in.o
 .rodata.rng_inst_load_keys
                0x000000000091b164       0x10 drivers/built-in.o
 .rodata.rng_inst_sh0_desc
                0x000000000091b174        0x8 drivers/built-in.o
 .rodata.rng_inst_sh1_desc
                0x000000000091b17c       0x10 drivers/built-in.o
 .rodata.sd_modes_by_pref
                0x000000000091b18c       0x10 drivers/built-in.o
 .rodata.i2c_clk_div
                0x000000000091b19c       0xc8 drivers/built-in.o
 .rodata        0x000000000091b264       0x20 lib/built-in.o
 .rodata.CSWTCH.5
                0x000000000091b284        0xd arch/arm/mach-imx/built-in.o
 .rodata.__func__.10000
                0x000000000091b291        0xf arch/arm/mach-imx/built-in.o
 .rodata.__func__.10488
                0x000000000091b2a0        0xc drivers/built-in.o
 .rodata.__func__.11040
                0x000000000091b2ac       0x12 drivers/built-in.o
 .rodata.__func__.11074
                0x000000000091b2be        0xd drivers/built-in.o
 .rodata.__func__.11119
                0x000000000091b2cb       0x12 drivers/built-in.o
 .rodata.__func__.11788
                0x000000000091b2dd       0x11 drivers/built-in.o
 .rodata.__func__.11944
                0x000000000091b2ee       0x11 drivers/built-in.o
 .rodata.__func__.12090
                0x000000000091b2ff        0xf drivers/built-in.o
 .rodata.__func__.8493
                0x000000000091b30e       0x18 common/spl/built-in.o
 .rodata.__func__.8513
                0x000000000091b326       0x13 common/spl/built-in.o
 .rodata._ctype
                0x000000000091b339      0x100 lib/built-in.o
                0x000000000091b339                _ctype
 .rodata.board_ehci_hcd_init.str1.1
                0x000000000091b439       0x23 board/technexion/pico-imx7d/built-in.o
 .rodata.board_init_r.str1.1
                0x000000000091b45c       0x62 common/spl/built-in.o
 .rodata.caam_open.str1.1
                0x000000000091b4be      0x113 drivers/built-in.o
 .rodata.ci_ep_queue.str1.1
                0x000000000091b5d1       0x29 drivers/built-in.o
 .rodata.composite_unbind.str1.1
                0x000000000091b5fa       0xb0 drivers/built-in.o
 .rodata.digits.8674
                0x000000000091b6aa       0x10 lib/built-in.o
 .rodata.do_reset.str1.1
                0x000000000091b6ba        0xf arch/arm/lib/built-in.o
 .rodata.esdhc_send_cmd.str1.1
                0x000000000091b6c9       0xb8 drivers/built-in.o
 .rodata.fat_itr_root.str1.1
                0x000000000091b781       0x33 fs/built-in.o
 .rodata.fat_register_device.str1.1
                0x000000000091b7b4       0x2b fs/built-in.o
 .rodata.fat_set_blk_dev.str1.1
                0x000000000091b7df        0x3 fs/built-in.o
                                          0xd (size before relaxing)
 .rodata.file_fat_read_at.str1.1
                0x000000000091b7e2       0x2a fs/built-in.o
 .rodata.find_mmc_device.str1.1
                0x000000000091b80c       0x19 drivers/built-in.o
 .rodata.force_idle_bus.str1.1
                0x000000000091b825       0x53 arch/arm/mach-imx/built-in.o
 .rodata.fsl_esdhc_initialize.str1.1
                0x000000000091b878       0x4e drivers/built-in.o
 .rodata.g_dnl_bind.str1.1
                0x000000000091b8c6        0xb drivers/built-in.o
                                         0x12 (size before relaxing)
 .rodata.g_dnl_register.str1.1
                0x000000000091b8d1       0x18 drivers/built-in.o
 .rodata.get_cluster.str1.1
                0x000000000091b8e9       0x25 fs/built-in.o
 .rodata.get_current.str1.1
                0x000000000091b90e       0x15 drivers/built-in.o
 .rodata.get_fatent.str1.1
                0x000000000091b923       0x22 fs/built-in.o
 .rodata.get_root_clk.str1.1
                0x000000000091b945       0x33 arch/arm/mach-imx/built-in.o
 .rodata.hang.str1.1
                0x000000000091b978       0x2a lib/built-in.o
 .rodata.hex_asc
                0x000000000091b9a2       0x11 lib/built-in.o
 .rodata.i2c_imx_stop.str1.1
                0x000000000091b9b3       0x18 drivers/built-in.o
 .rodata.i2c_init_transfer.str1.1
                0x000000000091b9cb       0x3f drivers/built-in.o
 .rodata.jr_reset.str1.1
                0x000000000091ba0a       0x34 drivers/built-in.o
 .rodata.manufacturer
                0x000000000091ba3e        0x4 drivers/built-in.o
 .rodata.mmc_bread.str1.1
                0x000000000091ba42       0x47 drivers/built-in.o
 .rodata.mmc_send_status.str1.1
                0x000000000091ba89       0x32 drivers/built-in.o
 .rodata.mmc_start_init.str1.1
                0x000000000091babb       0x3f drivers/built-in.o
 .rodata.mmc_startup.str1.1
                0x000000000091bafa       0x55 drivers/built-in.o
 .rodata.multipliers
                0x000000000091bb4f       0x10 drivers/built-in.o
 .rodata.mxc_get_clock.str1.1
                0x000000000091bb5f       0x1a arch/arm/mach-imx/built-in.o
 .rodata.mxc_get_pll_ddr_derive.str1.1
                0x000000000091bb79       0x20 arch/arm/mach-imx/built-in.o
 .rodata.part_get_info_extended.constprop.1.str1.1
                0x000000000091bb99        0x7 disk/built-in.o
 .rodata.part_set_generic_name.str1.1
                0x000000000091bb99        0xa disk/built-in.o
 .rodata.preloader_console_init.str1.1
                0x000000000091bba3       0x69 common/spl/built-in.o
 .rodata.print_partition_extended.str1.1
                0x000000000091bc0c       0x83 disk/built-in.o
                                         0x84 (size before relaxing)
 .rodata.product
                0x000000000091bc8f       0x14 drivers/built-in.o
 .rodata.read_bootsectandvi.str1.1
                0x000000000091bca3       0x1b fs/built-in.o
 .rodata.sdp_add.str1.1
                0x000000000091bcbe        0xa drivers/built-in.o
                                          0x4 (size before relaxing)
 .rodata.sdp_handle.str1.1
                0x000000000091bcbe       0xa9 drivers/built-in.o
 .rodata.sdp_init.str1.1
                0x000000000091bd67       0x32 drivers/built-in.o
 .rodata.sdp_name
                0x000000000091bd99       0x1b drivers/built-in.o
 .rodata.sdp_rx_command_complete.str1.1
                0x000000000091bdb4       0x64 drivers/built-in.o
 .rodata.sdp_rx_data_complete.str1.1
                0x000000000091be18       0x2f drivers/built-in.o
 .rodata.sdp_tx_complete.str1.1
                0x000000000091be47       0x1d drivers/built-in.o
 .rodata.setup_i2c.str1.1
                0x000000000091be64       0x18 arch/arm/mach-imx/built-in.o
 .rodata.spl_boot_mode.str1.1
                0x000000000091be7c       0x21 arch/arm/mach-imx/built-in.o
 .rodata.spl_load_image_fat.str1.1
                0x000000000091be9d       0x41 common/spl/built-in.o
 .rodata.spl_mmc_load_image.str1.1
                0x000000000091bede       0xe5 common/spl/built-in.o
 .rodata.spl_sdp_load_image.str1.1
                0x000000000091bfc3       0x2c common/spl/built-in.o
 .rodata.spl_set_header_raw_uboot.str1.1
                0x000000000091bfef        0x7 common/spl/built-in.o
 .rodata.str1.1
                0x000000000091bff6       0x5f arch/arm/mach-imx/built-in.o
 .rodata.str1.1
                0x000000000091c055       0x19 common/spl/built-in.o
 .rodata.str1.1
                0x000000000091c06e      0x6d3 common/built-in.o
                                        0x700 (size before relaxing)
 .rodata.str1.1
                0x000000000091c741       0x17 disk/built-in.o
                                         0x1a (size before relaxing)
 .rodata.str1.1
                0x000000000091c758       0x44 drivers/built-in.o
                                         0x54 (size before relaxing)
 .rodata.string.str1.1
                0x000000000091c79c        0x7 lib/built-in.o
 .rodata.test_block_type.str1.1
                0x000000000091c7a3        0xa disk/built-in.o
 .rodata.udc_irq.str1.1
                0x000000000091c7ad       0x27 drivers/built-in.o
                                         0x2e (size before relaxing)
 .rodata.usb_composite_register.str1.1
                0x000000000091c7d4        0xa drivers/built-in.o
 .rodata.usb_lowlevel_init.str1.1
                0x000000000091c7de       0x26 drivers/built-in.o
 .rodata.uuid_bin_to_str.str1.1
                0x000000000091c804        0x5 lib/built-in.o
 .rodata.wait_for_sr_state.str1.1
                0x000000000091c809       0x4c drivers/built-in.o
                0x000000000091c858                . = ALIGN (0x4)

.data           0x000000000091c858     0x10fe
 *(.data*)
 .data          0x000000000091c858      0x100 arch/arm/lib/built-in.o
                0x000000000091c858                gdata
 .data.base     0x000000000091c958        0x4 arch/arm/mach-imx/built-in.o
 .data.ccm_anatop
                0x000000000091c95c        0x4 arch/arm/mach-imx/built-in.o
                0x000000000091c95c                ccm_anatop
 .data.ccm_reg  0x000000000091c960        0x4 arch/arm/mach-imx/built-in.o
                0x000000000091c960                ccm_reg
 .data.imx_ccm  0x000000000091c964        0x4 arch/arm/mach-imx/built-in.o
                0x000000000091c964                imx_ccm
 .data.root_array
                0x000000000091c968      0x470 arch/arm/mach-imx/built-in.o
 .data.i2c_pad_info1
                0x000000000091cdd8       0x30 board/technexion/pico-imx7d/built-in.o
                0x000000000091cdd8                i2c_pad_info1
 .data.i2c_pad_info2
                0x000000000091ce08       0x30 board/technexion/pico-imx7d/built-in.o
                0x000000000091ce08                i2c_pad_info2
 .data.i2c_pad_info4
                0x000000000091ce38       0x30 board/technexion/pico-imx7d/built-in.o
                0x000000000091ce38                i2c_pad_info4
 .data.usdhc_cfg
                0x000000000091ce68       0x68 board/technexion/pico-imx7d/built-in.o
 .data          0x000000000091ced0       0x50 common/spl/built-in.o
 .data.av_      0x000000000091cf20      0x408 common/built-in.o
 .data.sbrk_base
                0x000000000091d328        0x4 common/built-in.o
 .data.trim_threshold
                0x000000000091d32c        0x4 common/built-in.o
 .data.mxc_i2c_buses
                0x000000000091d330       0x70 drivers/built-in.o
 .data.cur_dev_num
                0x000000000091d3a0        0x4 drivers/built-in.o
 .data.mxc_serial_drv
                0x000000000091d3a4       0x30 drivers/built-in.o
 .data.one_time_rx_line_always_low_workaround_needed
                0x000000000091d3d4        0x4 drivers/built-in.o
 .data.g_jrdata
                0x000000000091d3d8      0x210 drivers/built-in.o
 .data.composite_driver
                0x000000000091d5e8       0x24 drivers/built-in.o
 .data.device_desc
                0x000000000091d60c       0x12 drivers/built-in.o
 *fill*         0x000000000091d61e        0x2 
 .data.g_dnl_composite_strings
                0x000000000091d620        0x8 drivers/built-in.o
 .data.g_dnl_driver
                0x000000000091d628       0x24 drivers/built-in.o
 .data.g_dnl_string_defs
                0x000000000091d64c       0x20 drivers/built-in.o
 .data.g_dnl_string_tab
                0x000000000091d66c        0x8 drivers/built-in.o
 .data.qw_sign_buf
                0x000000000091d674        0x7 drivers/built-in.o
 .data.in_desc  0x000000000091d67b        0x9 drivers/built-in.o
 .data.in_hs_desc
                0x000000000091d684        0x9 drivers/built-in.o
 *fill*         0x000000000091d68d        0x3 
 .data.sdp_generic_strings
                0x000000000091d690        0x8 drivers/built-in.o
 .data.sdp_hid_desc
                0x000000000091d698        0x9 drivers/built-in.o
 .data.sdp_hid_report
                0x000000000091d6a1       0x4c drivers/built-in.o
 .data.sdp_intf_runtime
                0x000000000091d6ed        0x9 drivers/built-in.o
 *fill*         0x000000000091d6f6        0x2 
 .data.sdp_runtime_descs
                0x000000000091d6f8       0x10 drivers/built-in.o
 .data.sdp_runtime_hs_descs
                0x000000000091d708       0x10 drivers/built-in.o
 .data.strings_sdp_generic
                0x000000000091d718       0x10 drivers/built-in.o
 .data.stringtab_sdp_generic
                0x000000000091d728        0x8 drivers/built-in.o
 .data.ci_ep_ops
                0x000000000091d730       0x28 drivers/built-in.o
 .data.ci_udc_ops
                0x000000000091d758       0x2c drivers/built-in.o
 .data.controller
                0x000000000091d784      0x190 drivers/built-in.o
 .data.ep0_desc
                0x000000000091d914        0x9 drivers/built-in.o
 .data.descriptor
                0x000000000091d91d       0x39 drivers/built-in.o

.igot.plt       0x000000000091d958        0x0
 .igot.plt      0x000000000091d958        0x0 arch/arm/cpu/armv7/start.o
                0x000000000091d958                . = ALIGN (0x4)

.u_boot_list    0x000000000091d958      0x138
 *(SORT_BY_NAME(.u_boot_list*))
 .u_boot_list_2_blk_driver_1
                0x000000000091d958        0x0 drivers/built-in.o
 .u_boot_list_2_blk_driver_2_mmc
                0x000000000091d958       0x18 drivers/built-in.o
                0x000000000091d958                _u_boot_list_2_blk_driver_2_mmc
 .u_boot_list_2_blk_driver_2_usb
                0x000000000091d970       0x18 common/built-in.o
                0x000000000091d970                _u_boot_list_2_blk_driver_2_usb
 .u_boot_list_2_blk_driver_3
                0x000000000091d988        0x0 drivers/built-in.o
 .u_boot_list_2_cmd_1
                0x000000000091d988        0x0 common/built-in.o
 .u_boot_list_2_cmd_3
                0x000000000091d988        0x0 common/built-in.o
 .u_boot_list_2_driver_info_2_imx7_thermal
                0x000000000091d988        0x8 arch/arm/mach-imx/built-in.o
                0x000000000091d988                _u_boot_list_2_driver_info_2_imx7_thermal
 .u_boot_list_2_env_driver_1
                0x000000000091d990        0x0 env/built-in.o
 .u_boot_list_2_env_driver_3
                0x000000000091d990        0x0 env/built-in.o
 .u_boot_list_2_g_dnl_bind_callbacks_1
                0x000000000091d990        0x0 drivers/built-in.o
 .u_boot_list_2_g_dnl_bind_callbacks_2___usb_function_name_usb_dnl_sdp
                0x000000000091d990        0x8 drivers/built-in.o
                0x000000000091d990                _u_boot_list_2_g_dnl_bind_callbacks_2___usb_function_name_usb_dnl_sdp
 .u_boot_list_2_i2c_1
                0x000000000091d998        0x0 drivers/built-in.o
 .u_boot_list_2_i2c_2_mxc0
                0x000000000091d998       0x2c drivers/built-in.o
                0x000000000091d998                _u_boot_list_2_i2c_2_mxc0
 .u_boot_list_2_i2c_2_mxc1
                0x000000000091d9c4       0x2c drivers/built-in.o
                0x000000000091d9c4                _u_boot_list_2_i2c_2_mxc1
 .u_boot_list_2_i2c_2_mxc2
                0x000000000091d9f0       0x2c drivers/built-in.o
                0x000000000091d9f0                _u_boot_list_2_i2c_2_mxc2
 .u_boot_list_2_i2c_2_mxc3
                0x000000000091da1c       0x2c drivers/built-in.o
                0x000000000091da1c                _u_boot_list_2_i2c_2_mxc3
 .u_boot_list_2_i2c_3
                0x000000000091da48        0x0 drivers/built-in.o
 .u_boot_list_2_part_driver_1
                0x000000000091da48        0x0 disk/built-in.o
 .u_boot_list_2_part_driver_2_dos
                0x000000000091da48       0x18 disk/built-in.o
                0x000000000091da48                _u_boot_list_2_part_driver_2_dos
 .u_boot_list_2_part_driver_3
                0x000000000091da60        0x0 disk/built-in.o
 .u_boot_list_2_spl_image_loader_1
                0x000000000091da60        0x0 common/spl/built-in.o
 .u_boot_list_2_spl_image_loader_2_spl_mmc_load_image0BOOT_DEVICE_MMC1
                0x000000000091da60        0xc common/spl/built-in.o
                0x000000000091da60                _u_boot_list_2_spl_image_loader_2_spl_mmc_load_image0BOOT_DEVICE_MMC1
 .u_boot_list_2_spl_image_loader_2_spl_mmc_load_image0BOOT_DEVICE_MMC2
                0x000000000091da6c        0xc common/spl/built-in.o
                0x000000000091da6c                _u_boot_list_2_spl_image_loader_2_spl_mmc_load_image0BOOT_DEVICE_MMC2
 .u_boot_list_2_spl_image_loader_2_spl_mmc_load_image0BOOT_DEVICE_MMC2_2
                0x000000000091da78        0xc common/spl/built-in.o
                0x000000000091da78                _u_boot_list_2_spl_image_loader_2_spl_mmc_load_image0BOOT_DEVICE_MMC2_2
 .u_boot_list_2_spl_image_loader_2_spl_sdp_load_image0BOOT_DEVICE_BOARD
                0x000000000091da84        0xc common/spl/built-in.o
                0x000000000091da84                _u_boot_list_2_spl_image_loader_2_spl_sdp_load_image0BOOT_DEVICE_BOARD
 .u_boot_list_2_spl_image_loader_3
                0x000000000091da90        0x0 common/spl/built-in.o
                0x000000000091da90                . = ALIGN (0x4)

.binman_sym_table
                0x000000000091da90        0x0
                0x000000000091da90                __binman_sym_start = .
 *(SORT_BY_NAME(.binman_sym*))
                0x000000000091da90                __binman_sym_end = .
                0x000000000091da90                . = ALIGN (0x4)
                0x000000000091da90                __image_copy_end = .

.rel.dyn        0x000000000091da90        0x0
                0x000000000091da90                __rel_dyn_start = .
 *(.rel*)
 .rel.iplt      0x000000000091da90        0x0 arch/arm/cpu/armv7/start.o
                0x000000000091da90                __rel_dyn_end = .

.end
 *(.__end)
                0x000000000091da90                _image_binary_end = .

.bss            0x000000000091da90    0x108b0
                0x000000000091da90                __bss_start = .
 *(.bss*)
 .bss.fat_registered
                0x000000000091da90        0x4 common/spl/built-in.o
 .bss.usb_dev_desc
                0x000000000091da94      0x3b8 common/built-in.o
 .bss.ctrlc_disabled
                0x000000000091de4c        0x4 common/built-in.o
 .bss.ctrlc_was_pressed
                0x000000000091de50        0x4 common/built-in.o
 .bss.current_mallinfo
                0x000000000091de54       0x28 common/built-in.o
 .bss.max_sbrked_mem
                0x000000000091de7c        0x4 common/built-in.o
 .bss.max_total_mem
                0x000000000091de80        0x4 common/built-in.o
 .bss.mem_malloc_brk
                0x000000000091de84        0x4 common/built-in.o
                0x000000000091de84                mem_malloc_brk
 .bss.mem_malloc_end
                0x000000000091de88        0x4 common/built-in.o
                0x000000000091de88                mem_malloc_end
 .bss.mem_malloc_start
                0x000000000091de8c        0x4 common/built-in.o
                0x000000000091de8c                mem_malloc_start
 .bss.top_pad   0x000000000091de90        0x4 common/built-in.o
 .bss.stdio_devices
                0x000000000091de94        0xc common/built-in.o
                0x000000000091de94                stdio_devices
 .bss.initialized.10609
                0x000000000091dea0        0x4 drivers/built-in.o
 .bss.mmc_devices
                0x000000000091dea4        0x8 drivers/built-in.o
 .bss.serial_current
                0x000000000091deac        0x4 drivers/built-in.o
 .bss.epnum     0x000000000091deb0        0x4 drivers/built-in.o
 .bss.composite
                0x000000000091deb4        0x4 drivers/built-in.o
 .bss.g_dnl_detach_request
                0x000000000091deb8        0x1 drivers/built-in.o
 .bss.g_dnl_serial
                0x000000000091deb9      0x100 drivers/built-in.o
 *fill*         0x000000000091dfb9        0x3 
 .bss.sdp_func  0x000000000091dfbc        0x4 drivers/built-in.o
 .bss.ehcic     0x000000000091dfc0      0x300 drivers/built-in.o
 .bss.cur_dev   0x000000000091e2c0        0x4 fs/built-in.o
 .bss.cur_part_info
                0x000000000091e2c4       0x54 fs/built-in.o
 *fill*         0x000000000091e318       0x28 
 .bss.get_contents_vfatname_block
                0x000000000091e340    0x10000 fs/built-in.o
                0x000000000091e340                get_contents_vfatname_block
                0x000000000092e340                . = ALIGN (0x4)
                0x000000000092e340                __bss_end = .
                0x00000000000108b0                __bss_size = (__bss_end - __bss_start)

.dynsym
 *(.dynsym)

.dynbss
 *(.dynbss)

.dynstr
 *(.dynstr*)

.dynamic
 *(.dynamic*)

.hash
 *(.hash*)

.plt
 *(.plt*)

.interp
 *(.interp*)

.gnu
 *(.gnu*)

.ARM.exidx
 *(.ARM.exidx*)
                0x0000000000000001                ASSERT (((__image_copy_end - __image_copy_start) < 0x10000), SPL image too big)
                0x0000000000000001                ASSERT (((__bss_end - __bss_start) < 0x100000), SPL image BSS too big)
Address of section .text set to 0x911500
LOAD arch/arm/cpu/armv7/start.o
START GROUP
LOAD arch/arm/cpu/armv7/built-in.o
LOAD arch/arm/cpu/built-in.o
LOAD arch/arm/lib/built-in.o
LOAD arch/arm/mach-imx/built-in.o
LOAD board/technexion/pico-imx7d/built-in.o
LOAD common/spl/built-in.o
LOAD common/init/built-in.o
LOAD common/built-in.o
LOAD cmd/built-in.o
LOAD env/built-in.o
LOAD lib/built-in.o
LOAD disk/built-in.o
LOAD drivers/built-in.o
LOAD drivers/usb/dwc3/built-in.o
LOAD drivers/usb/cdns3/built-in.o
LOAD dts/built-in.o
LOAD fs/built-in.o
END GROUP
LOAD arch/arm/lib/eabi_compat.o
LOAD arch/arm/lib/lib.a
OUTPUT(u-boot-spl elf32-littlearm)

.ARM.attributes
                0x0000000000000000       0x2d
 .ARM.attributes
                0x0000000000000000       0x1d arch/arm/cpu/armv7/start.o
 .ARM.attributes
                0x000000000000001d       0x2f arch/arm/cpu/armv7/built-in.o
 .ARM.attributes
                0x000000000000004c       0x29 arch/arm/lib/built-in.o
 .ARM.attributes
                0x0000000000000075       0x2d arch/arm/mach-imx/built-in.o
 .ARM.attributes
                0x00000000000000a2       0x2d board/technexion/pico-imx7d/built-in.o
 .ARM.attributes
                0x00000000000000cf       0x2d common/spl/built-in.o
 .ARM.attributes
                0x00000000000000fc       0x2d common/init/built-in.o
 .ARM.attributes
                0x0000000000000129       0x2d common/built-in.o
 .ARM.attributes
                0x0000000000000156       0x2d env/built-in.o
 .ARM.attributes
                0x0000000000000183       0x2d lib/built-in.o
 .ARM.attributes
                0x00000000000001b0       0x2d disk/built-in.o
 .ARM.attributes
                0x00000000000001dd       0x2d drivers/built-in.o
 .ARM.attributes
                0x000000000000020a       0x2d fs/built-in.o
 .ARM.attributes
                0x0000000000000237       0x1d arch/arm/lib/lib.a(lib1funcs.o)
 .ARM.attributes
                0x0000000000000254       0x2d arch/arm/lib/lib.a(div0.o)

.comment        0x0000000000000000       0x11
 .comment       0x0000000000000000       0x11 arch/arm/cpu/armv7/built-in.o
                                         0x7e (size before relaxing)
 .comment       0x0000000000000011       0xb4 arch/arm/lib/built-in.o
 .comment       0x0000000000000011      0x120 arch/arm/mach-imx/built-in.o
 .comment       0x0000000000000011       0x24 board/technexion/pico-imx7d/built-in.o
 .comment       0x0000000000000011       0x48 common/spl/built-in.o
 .comment       0x0000000000000011       0x12 common/init/built-in.o
 .comment       0x0000000000000011       0xfc common/built-in.o
 .comment       0x0000000000000011       0x24 env/built-in.o
 .comment       0x0000000000000011      0x21c lib/built-in.o
 .comment       0x0000000000000011       0x24 disk/built-in.o
 .comment       0x0000000000000011      0x17a drivers/built-in.o
 .comment       0x0000000000000011       0x24 fs/built-in.o
 .comment       0x0000000000000011       0x12 arch/arm/lib/lib.a(div0.o)

.note.GNU-stack
                0x0000000000000000        0x0
 .note.GNU-stack
                0x0000000000000000        0x0 arch/arm/cpu/armv7/built-in.o
 .note.GNU-stack
                0x0000000000000000        0x0 arch/arm/lib/built-in.o
 .note.GNU-stack
                0x0000000000000000        0x0 arch/arm/mach-imx/built-in.o
 .note.GNU-stack
                0x0000000000000000        0x0 board/technexion/pico-imx7d/built-in.o
 .note.GNU-stack
                0x0000000000000000        0x0 common/spl/built-in.o
 .note.GNU-stack
                0x0000000000000000        0x0 common/init/built-in.o
 .note.GNU-stack
                0x0000000000000000        0x0 common/built-in.o
 .note.GNU-stack
                0x0000000000000000        0x0 env/built-in.o
 .note.GNU-stack
                0x0000000000000000        0x0 lib/built-in.o
 .note.GNU-stack
                0x0000000000000000        0x0 disk/built-in.o
 .note.GNU-stack
                0x0000000000000000        0x0 drivers/built-in.o
 .note.GNU-stack
                0x0000000000000000        0x0 fs/built-in.o
 .note.GNU-stack
                0x0000000000000000        0x0 arch/arm/lib/lib.a(div0.o)

.debug_line     0x0000000000000000    0x2a5ca
 .debug_line    0x0000000000000000      0x101 arch/arm/cpu/armv7/start.o
 .debug_line    0x0000000000000101     0x1e18 arch/arm/cpu/armv7/built-in.o
 .debug_line    0x0000000000001f19     0x2f72 arch/arm/lib/built-in.o
 .debug_line    0x0000000000004e8b     0x5b41 arch/arm/mach-imx/built-in.o
 .debug_line    0x000000000000a9cc     0x10c2 board/technexion/pico-imx7d/built-in.o
 .debug_line    0x000000000000ba8e     0x1900 common/spl/built-in.o
 .debug_line    0x000000000000d38e      0x47c common/init/built-in.o
 .debug_line    0x000000000000d80a     0x6940 common/built-in.o
 .debug_line    0x000000000001414a      0xb12 env/built-in.o
 .debug_line    0x0000000000014c5c     0x95e0 lib/built-in.o
 .debug_line    0x000000000001e23c      0xdc4 disk/built-in.o
 .debug_line    0x000000000001f000     0xa549 drivers/built-in.o
 .debug_line    0x0000000000029549      0xe5c fs/built-in.o
 .debug_line    0x000000000002a3a5      0x169 arch/arm/lib/lib.a(lib1funcs.o)
 .debug_line    0x000000000002a50e       0xbc arch/arm/lib/lib.a(div0.o)

.debug_info     0x0000000000000000    0xa9f29
 .debug_info    0x0000000000000000       0x26 arch/arm/cpu/armv7/start.o
 .debug_info    0x0000000000000026     0x4f34 arch/arm/cpu/armv7/built-in.o
 .debug_info    0x0000000000004f5a     0x8d33 arch/arm/lib/built-in.o
 .debug_info    0x000000000000dc8d    0x16a12 arch/arm/mach-imx/built-in.o
 .debug_info    0x000000000002469f     0xd335 board/technexion/pico-imx7d/built-in.o
 .debug_info    0x00000000000319d4     0x6c65 common/spl/built-in.o
 .debug_info    0x0000000000038639      0xfb7 common/init/built-in.o
 .debug_info    0x00000000000395f0    0x1b690 common/built-in.o
 .debug_info    0x0000000000054c80     0x2b8a env/built-in.o
 .debug_info    0x000000000005780a    0x1adc6 lib/built-in.o
 .debug_info    0x00000000000725d0     0x3ef2 disk/built-in.o
 .debug_info    0x00000000000764c2    0x2f6d8 drivers/built-in.o
 .debug_info    0x00000000000a5b9a     0x4316 fs/built-in.o
 .debug_info    0x00000000000a9eb0       0x22 arch/arm/lib/lib.a(lib1funcs.o)
 .debug_info    0x00000000000a9ed2       0x57 arch/arm/lib/lib.a(div0.o)

.debug_abbrev   0x0000000000000000    0x17426
 .debug_abbrev  0x0000000000000000       0x14 arch/arm/cpu/armv7/start.o
 .debug_abbrev  0x0000000000000014     0x101b arch/arm/cpu/armv7/built-in.o
 .debug_abbrev  0x000000000000102f     0x180e arch/arm/lib/built-in.o
 .debug_abbrev  0x000000000000283d     0x31db arch/arm/mach-imx/built-in.o
 .debug_abbrev  0x0000000000005a18      0x8af board/technexion/pico-imx7d/built-in.o
 .debug_abbrev  0x00000000000062c7     0x10da common/spl/built-in.o
 .debug_abbrev  0x00000000000073a1      0x2b9 common/init/built-in.o
 .debug_abbrev  0x000000000000765a     0x3886 common/built-in.o
 .debug_abbrev  0x000000000000aee0      0x6f1 env/built-in.o
 .debug_abbrev  0x000000000000b5d1     0x4e3c lib/built-in.o
 .debug_abbrev  0x000000000001040d      0x9f8 disk/built-in.o
 .debug_abbrev  0x0000000000010e05     0x5c2e drivers/built-in.o
 .debug_abbrev  0x0000000000016a33      0x983 fs/built-in.o
 .debug_abbrev  0x00000000000173b6       0x12 arch/arm/lib/lib.a(lib1funcs.o)
 .debug_abbrev  0x00000000000173c8       0x5e arch/arm/lib/lib.a(div0.o)

.debug_aranges  0x0000000000000000     0x28d0
 .debug_aranges
                0x0000000000000000       0x20 arch/arm/cpu/armv7/start.o
 .debug_aranges
                0x0000000000000020      0x1f0 arch/arm/cpu/armv7/built-in.o
 .debug_aranges
                0x0000000000000210      0x2c0 arch/arm/lib/built-in.o
 .debug_aranges
                0x00000000000004d0      0x488 arch/arm/mach-imx/built-in.o
 .debug_aranges
                0x0000000000000958       0xc8 board/technexion/pico-imx7d/built-in.o
 .debug_aranges
                0x0000000000000a20      0x110 common/spl/built-in.o
 .debug_aranges
                0x0000000000000b30       0x30 common/init/built-in.o
 .debug_aranges
                0x0000000000000b60      0x6f8 common/built-in.o
 .debug_aranges
                0x0000000000001258       0xa0 env/built-in.o
 .debug_aranges
                0x00000000000012f8      0xa28 lib/built-in.o
 .debug_aranges
                0x0000000000001d20       0xc8 disk/built-in.o
 .debug_aranges
                0x0000000000001de8      0x9a0 drivers/built-in.o
 .debug_aranges
                0x0000000000002788       0xe0 fs/built-in.o
 .debug_aranges
                0x0000000000002868       0x48 arch/arm/lib/lib.a(lib1funcs.o)
 .debug_aranges
                0x00000000000028b0       0x20 arch/arm/lib/lib.a(div0.o)

.debug_str      0x0000000000000000    0x1c93e
 .debug_str     0x0000000000000000      0x11b arch/arm/cpu/armv7/start.o
 .debug_str     0x000000000000011b     0x14ae arch/arm/cpu/armv7/built-in.o
                                       0x4a27 (size before relaxing)
 .debug_str     0x00000000000015c9     0x120c arch/arm/lib/built-in.o
                                       0x8622 (size before relaxing)
 .debug_str     0x00000000000027d5     0x3ffd arch/arm/mach-imx/built-in.o
                                      0x13159 (size before relaxing)
 .debug_str     0x00000000000067d2     0xa2b4 board/technexion/pico-imx7d/built-in.o
                                      0x15e92 (size before relaxing)
 .debug_str     0x0000000000010a86     0x148e common/spl/built-in.o
                                       0x645a (size before relaxing)
 .debug_str     0x0000000000011f14       0xcd common/init/built-in.o
                                       0x1032 (size before relaxing)
 .debug_str     0x0000000000011fe1     0x2ee7 common/built-in.o
                                      0x12155 (size before relaxing)
 .debug_str     0x0000000000014ec8      0x38d env/built-in.o
                                       0x2468 (size before relaxing)
 .debug_str     0x0000000000015255     0x240a lib/built-in.o
                                      0x11c62 (size before relaxing)
 .debug_str     0x000000000001765f      0x4d6 disk/built-in.o
                                       0x275f (size before relaxing)
 .debug_str     0x0000000000017b35     0x4677 drivers/built-in.o
                                      0x1ca4c (size before relaxing)
 .debug_str     0x000000000001c1ac      0x66e fs/built-in.o
                                       0x23ac (size before relaxing)
 .debug_str     0x000000000001c81a       0x91 arch/arm/lib/lib.a(lib1funcs.o)
                                        0x119 (size before relaxing)
 .debug_str     0x000000000001c8ab       0x93 arch/arm/lib/lib.a(div0.o)
                                        0x243 (size before relaxing)

.debug_frame    0x0000000000000000     0x6b8c
 .debug_frame   0x0000000000000000      0x2d4 arch/arm/cpu/armv7/built-in.o
 .debug_frame   0x00000000000002d4      0x3bc arch/arm/lib/built-in.o
 .debug_frame   0x0000000000000690      0x948 arch/arm/mach-imx/built-in.o
 .debug_frame   0x0000000000000fd8      0x21c board/technexion/pico-imx7d/built-in.o
 .debug_frame   0x00000000000011f4      0x23c common/spl/built-in.o
 .debug_frame   0x0000000000001430       0x48 common/init/built-in.o
 .debug_frame   0x0000000000001478     0x153c common/built-in.o
 .debug_frame   0x00000000000029b4      0x184 env/built-in.o
 .debug_frame   0x0000000000002b38     0x1e68 lib/built-in.o
 .debug_frame   0x00000000000049a0      0x2cc disk/built-in.o
 .debug_frame   0x0000000000004c6c     0x1bd0 drivers/built-in.o
 .debug_frame   0x000000000000683c      0x330 fs/built-in.o
 .debug_frame   0x0000000000006b6c       0x20 arch/arm/lib/lib.a(div0.o)

.debug_loc      0x0000000000000000    0x3d145
 .debug_loc     0x0000000000000000      0x62b arch/arm/cpu/armv7/built-in.o
 .debug_loc     0x000000000000062b      0xa36 arch/arm/lib/built-in.o
 .debug_loc     0x0000000000001061     0x3f46 arch/arm/mach-imx/built-in.o
 .debug_loc     0x0000000000004fa7     0x1624 board/technexion/pico-imx7d/built-in.o
 .debug_loc     0x00000000000065cb      0xb2d common/spl/built-in.o
 .debug_loc     0x00000000000070f8       0xca common/init/built-in.o
 .debug_loc     0x00000000000071c2     0xb218 common/built-in.o
 .debug_loc     0x00000000000123da      0x578 env/built-in.o
 .debug_loc     0x0000000000012952    0x16bd4 lib/built-in.o
 .debug_loc     0x0000000000029526     0x1618 disk/built-in.o
 .debug_loc     0x000000000002ab3e    0x10643 drivers/built-in.o
 .debug_loc     0x000000000003b181     0x1fc4 fs/built-in.o

.debug_ranges   0x0000000000000000     0x5bb0
 .debug_ranges  0x0000000000000000      0x198 arch/arm/cpu/armv7/built-in.o
 .debug_ranges  0x0000000000000198      0x1c0 arch/arm/lib/built-in.o
 .debug_ranges  0x0000000000000358      0x898 arch/arm/mach-imx/built-in.o
 .debug_ranges  0x0000000000000bf0      0x138 board/technexion/pico-imx7d/built-in.o
 .debug_ranges  0x0000000000000d28      0x1e0 common/spl/built-in.o
 .debug_ranges  0x0000000000000f08       0x20 common/init/built-in.o
 .debug_ranges  0x0000000000000f28      0xe30 common/built-in.o
 .debug_ranges  0x0000000000001d58       0xd8 env/built-in.o
 .debug_ranges  0x0000000000001e30     0x1308 lib/built-in.o
 .debug_ranges  0x0000000000003138      0x2e0 disk/built-in.o
 .debug_ranges  0x0000000000003418     0x2408 drivers/built-in.o
 .debug_ranges  0x0000000000005820      0x340 fs/built-in.o
 .debug_ranges  0x0000000000005b60       0x40 arch/arm/lib/lib.a(lib1funcs.o)
 .debug_ranges  0x0000000000005ba0       0x10 arch/arm/lib/lib.a(div0.o)
