console.c:105:12:console_setfile	16	static
console.c:293:5:serial_printf	2080	static
console.c:311:5:fgetc	0	static
console.c:384:5:getc	0	static
console.c:343:5:ftstc	0	static
console.c:412:5:tstc	0	static
console.c:351:6:fputc	0	static
console.c:490:6:putc	0	static
console.c:357:6:fputs	0	static
console.c:533:6:puts	0	static
console.c:363:5:fprintf	2084	static
console.c:601:5:ctrlc	8	static
console.c:622:5:confirm_yesno	16	static
console.c:649:5:disable_ctrlc	0	static
console.c:657:5:had_ctrlc	0	static
console.c:662:6:clear_ctrlc	0	static
console.c:669:19:search_device	8	static
console.c:685:5:console_assign	8	static
console.c:25:12:on_console	24	static
console.c:723:5:console_announce_r	208	static
console.c:737:5:console_init_f	0	static
console.c:748:6:stdio_print_current_devices	8	static
console.c:775:5:console_init_r	16	static
