image.c:451:12:on_loadaddr	8	static
image.c:195:5:image_check_hcrc	72	static
image.c:210:5:image_check_dcrc	8	static
image.c:232:7:image_multi_count	0	static
image.c:265:6:image_multi_getimg	16	static
image.c:467:7:env_get_bootm_low	8	static
image.c:484:13:env_get_bootm_size	16	static
image.c:511:13:env_get_bootm_mapsize	8	static
image.c:527:6:memmove_wd	0	static
image.c:557:6:genimg_print_size	8	static
image.c:585:22:get_table_entry	0	static
image.c:706:20:genimg_get_short_name	8	static
image.c:616:13:genimg_get_cat_name	16	static
image.c:640:13:genimg_get_cat_short_name	16	static
image.c:654:5:genimg_get_cat_count	0	static
image.c:659:13:genimg_get_cat_desc	0	static
image.c:678:7:get_table_entry_name	8	static
image.c:690:13:genimg_get_os_name	0	static
image.c:695:13:genimg_get_arch_name	0	static
image.c:701:13:genimg_get_type_name	0	static
image.c:718:13:genimg_get_type_short_name	0	static
image.c:723:13:genimg_get_comp_name	0	static
image.c:325:6:image_print_contents	40	static
image.c:729:13:genimg_get_comp_short_name	0	static
image.c:734:13:genimg_get_os_short_name	0	static
image.c:739:13:genimg_get_arch_short_name	0	static
image.c:758:5:get_table_entry_id	16	static
image.c:776:5:genimg_get_os_id	0	static
image.c:781:5:genimg_get_arch_id	0	static
image.c:786:5:genimg_get_type_id	0	static
image.c:791:5:genimg_get_comp_id	0	static
image.c:812:7:genimg_get_kernel_addr_fit	24	static
image.c:846:7:genimg_get_kernel_addr	16	static
image.c:869:5:genimg_get_format	8	static
image.c:901:5:genimg_has_config	0	static
image.c:932:5:boot_get_ramdisk	80	static
image.c:1141:5:boot_ramdisk_high	32	static
image.c:1216:5:boot_get_setup	0	static
image.c:1329:5:boot_get_loadable	88	static
image.c:1488:5:image_setup_linux	32	static
