usb.c:315:1:usb_set_maxpacket_ep	4	static
usb.c:131:5:usb_stop	8	static
usb.c:152:5:usb_detect_change	32	static
usb.c:180:5:usb_disable_asynch	0	static
usb.c:198:5:usb_submit_int_msg	0	static
usb.c:213:5:usb_control_msg	152	static
usb.c:555:12:usb_get_descriptor	32	static
usb.c:920:12:get_descriptor_len	608	static
usb.c:945:12:usb_setup_descriptor	8	static
usb.c:721:12:usb_get_string	56	static
usb.c:757:12:usb_string_sub	32	static
usb.c:265:5:usb_bulk_msg	16	static
usb.c:294:5:usb_maxpacket	0	static
usb.c:526:5:usb_clear_halt	48	static
usb.c:567:5:usb_get_configuration_len	152	static
usb.c:590:5:usb_get_configuration_no	16	static
usb.c:620:5:usb_set_interface	40	static
usb.c:678:5:usb_set_protocol	32	static
usb.c:688:5:usb_set_idle	32	static
usb.c:698:5:usb_get_report	32	static
usb.c:710:5:usb_get_class_descriptor	32	static
usb.c:797:5:usb_string	600	static
usb.c:858:20:usb_get_dev_index	0	static
usb.c:866:5:usb_alloc_new_device	16	static
usb.c:892:6:usb_free_device	16	static
usb.c:906:12:usb_alloc_device	0	static
usb.c:1069:5:usb_select_config	64	static
usb.c:1152:5:usb_setup_device	48	static
usb.c:1178:5:usb_new_device	8	static
usb.c:57:5:usb_init	40	static
usb.c:1206:5:board_usb_init	0	static
usb.c:1212:5:board_usb_cleanup	0	static
usb.c:1217:6:usb_device_has_child_on_port	0	static
usb.c:1262:6:usb_find_usb2_hub_address_port	16	static
