ehci-hcd.c:122:12:ehci_get_port_speed	0	static
ehci-hcd.c:127:13:ehci_set_usbmode	0	static
ehci-hcd.c:149:18:ehci_get_portsc_register	0	static
ehci-hcd.c:143:13:ehci_powerup_fixup	8	static
ehci-hcd.c:163:12:handshake	24	static
ehci-hcd.c:207:12:ehci_shutdown	24	static
ehci-hcd.c:241:12:ehci_td_buffer	16	static
ehci-hcd.c:1387:14:_ehci_poll_int_queue	24	static
ehci-hcd.c:1204:1:disable_periodic.isra.2	8	static
ehci-hcd.c:1183:1:enable_periodic.isra.3	8	static
ehci-hcd.c:1428:12:_ehci_destroy_int_queue	32	static
ehci-hcd.c:285:13:ehci_update_endpt2_dev_n_port.isra.4	16	static
ehci-hcd.c:301:1:ehci_submit_async	296	static
ehci-hcd.c:1223:26:_ehci_create_int_queue.isra.6	72	static
ehci-hcd.c:968:6:ehci_set_controller_priv	16	static
ehci-hcd.c:976:7:ehci_get_controller_priv	0	static
ehci-hcd.c:1092:5:usb_lowlevel_stop	8	static
ehci-hcd.c:1098:5:usb_lowlevel_init	40	static
ehci-hcd.c:1513:5:submit_bulk_msg	16	static
ehci-hcd.c:1519:5:submit_control_msg	56	static
ehci-hcd.c:1525:5:submit_int_msg	32	static
ehci-hcd.c:1531:19:create_int_queue	0	static
ehci-hcd.c:1539:7:poll_int_queue	0	static
ehci-hcd.c:1544:5:destroy_int_queue	0	static
