ci_udc.c:351:12:ci_ep_disable	0	static
ci_udc.c:531:12:ci_ep_dequeue	8	static
ci_udc.c:285:13:ci_ep_free_request	8	static
ci_udc.c:261:1:ci_ep_alloc_request	8	static
ci_udc.c:210:13:ci_flush_qtd	0	static
ci_udc.c:180:13:ci_flush_qh	0	static
ci_udc.c:766:13:stop_activity	24	static
ci_udc.c:305:13:ep_enable	16	static
ci_udc.c:325:12:ci_ep_enable	8	static
ci_udc.c:424:13:ci_ep_submit_next_request	56	static
ci_udc.c:555:12:ci_ep_queue	16	static
ci_udc.c:794:6:udc_irq	72	static
ci_udc.c:863:5:usb_gadget_handle_interrupts	8	static
ci_udc.c:875:6:udc_disconnect	16	static
ci_udc.c:886:12:ci_pullup	16	static
ci_udc.c:1004:5:usb_gadget_register_driver	32	static
ci_udc.c:1037:5:usb_gadget_unregister_driver	16	static
ci_udc.c:1058:6:dfu_usb_get_reset	0	static
