f_fastboot.c:895:17:mmc_sparse_reserve	0	static
f_fastboot.c:2792:13:fastboot_complete	0	static
f_fastboot.c:3148:12:get_block_size	24	static
f_fastboot.c:3061:12:fastboot_tx_write	16	static
f_fastboot.c:2872:13:fastboot_disable	16	static
f_fastboot.c:853:17:mmc_sparse_write	40	static
f_fastboot.c:3077:12:fastboot_tx_write_str	8	static
f_fastboot.c:4457:13:cb_continue	0	static
f_fastboot.c:4446:13:cb_boot	0	static
f_fastboot.c:4159:13:cb_reboot_bootloader	0	static
f_fastboot.c:3105:12:strcmp_l1	16	static
f_fastboot.c:4547:13:rx_handler_command	32	static
f_fastboot.c:2903:28:fastboot_start_ep	16	static
f_fastboot.c:2865:13:fastboot_unbind	0	static
f_fastboot.c:2985:12:fastboot_add	16	static
f_fastboot.c:4452:13:do_exit_on_complete	0	static
f_fastboot.c:4427:13:do_bootm_on_complete	32	static
f_fastboot.c:3082:13:compl_do_reset	0	static
f_fastboot.c:3018:12:fastboot_tx_write_more	24	static
f_fastboot.c:2800:12:fastboot_bind	40	static
f_fastboot.c:4305:21:rx_bytes_expected.isra.0	16	static
f_fastboot.c:4403:13:cb_download	96	static
f_fastboot.c:4330:13:rx_handler_dl_image	112	static
f_fastboot.c:2774:13:fastboot_fifo_complete	8	static
f_fastboot.c:799:14:bootloader_mmc_offset	8	static
f_fastboot.c:4103:13:do_acmd_complete	0	static
f_fastboot.c:4113:13:cb_run_uboot_acmd	16	static
f_fastboot.c:4383:13:cb_upload	80	static
f_fastboot.c:2922:12:fastboot_set_alt	16	static
f_fastboot.c:511:12:parse_env.isra.7.constprop	8	static
f_fastboot.c:902:6:bootloader_gpt_overlay	8	static
f_fastboot.c:908:5:write_backup_gpt	8	static
f_fastboot.c:1521:6:fastboot_flash_add_ptn	8	static
f_fastboot.c:1377:12:_fastboot_parts_load_from_ptable	1904	static
f_fastboot.c:1529:6:fastboot_flash_dump_ptn	32	static
f_fastboot.c:1540:26:fastboot_flash_find_ptn	32	static
f_fastboot.c:409:5:read_from_partition_multi	112	static
f_fastboot.c:4046:13:cb_erase	192	static
f_fastboot.c:3231:12:get_single_var	64	static
f_fastboot.c:3511:13:cb_getvar	728	static
f_fastboot.c:1555:5:fastboot_flash_find_index	8	static
f_fastboot.c:1566:26:fastboot_flash_get_ptn	0	static
f_fastboot.c:1574:14:fastboot_flash_get_ptn_count	0	static
f_fastboot.c:1580:6:board_fastboot_setup	8	static
f_fastboot.c:1806:6:fastboot_setup	32	static
f_fastboot.c:4083:13:cb_run_uboot_cmd	16	static
f_fastboot.c:1927:6:fastboot_run_bootmode	0	static
f_fastboot.c:2762:6:fastboot_fail	16	static
f_fastboot.c:2768:6:fastboot_okay	16	static
f_fastboot.c:3988:13:cb_flash	392	static
f_fastboot.c:3087:12:fb_set_reboot_flag	0	static
f_fastboot.c:3092:13:cb_reboot	8	static
