f_mass_storage.c:476:13:raise_exception	0	static
f_mass_storage.c:490:12:ep0_queue	8	static
f_mass_storage.c:509:13:bulk_in_complete	16	static
f_mass_storage.c:526:13:bulk_out_complete	16	static
f_mass_storage.c:2281:12:fsg_set_alt	8	static
f_mass_storage.c:2289:13:fsg_disable	0	static
f_mass_storage.c:549:12:fsg_setup	8	static
f_mass_storage.c:2653:13:fsg_unbind	8	static
storage_common.c:598:13:store_cdrom_address	16	static
f_mass_storage.c:452:12:fsg_set_halt.isra.7	0	static
f_mass_storage.c:603:13:start_transfer.isra.9	16	static
f_mass_storage.c:1398:12:halt_bulk_in_endpoint.isra.14	8	static
f_mass_storage.c:667:12:sleep_thread.isra.17	24	static
f_mass_storage.c:703:12:do_read	56	static
f_mass_storage.c:830:12:do_write	56	static
f_mass_storage.c:1617:12:send_status	24	static
f_mass_storage.c:1677:12:check_command.isra.18	48	static
f_mass_storage.c:1249:12:do_mode_sense.isra.20	40	static
f_mass_storage.c:2762:5:fsg_add	48	static
f_mass_storage.c:2190:12:do_set_interface	40	static
f_mass_storage.c:286:13:set_bit	0	static
f_mass_storage.c:296:13:clear_bit	0	static
f_mass_storage.c:2406:5:fsg_main_thread	64	static
f_mass_storage.c:2617:1:usb_copy_descriptors	24	static
f_mass_storage.c:2668:12:fsg_bind	24	static
f_mass_storage.c:2780:5:fsg_init	0	static
